Archive member included to satisfy reference by file (symbol)

F:/STM32CubeIDE/STM32CubeIDE_1.14.1/STM32CubeIDE/plugins/com.st.stm32cube.ide.mcu.externaltools.gnu-tools-for-stm32.12.3.rel1.win32_1.0.200.202406191623/tools/bin/../lib/gcc/arm-none-eabi/12.3.1/../../../../arm-none-eabi/lib/thumb/v7e-m+fp/hard\libc_nano.a(libc_a-exit.o)
                              F:/STM32CubeIDE/STM32CubeIDE_1.14.1/STM32CubeIDE/plugins/com.st.stm32cube.ide.mcu.externaltools.gnu-tools-for-stm32.12.3.rel1.win32_1.0.200.202406191623/tools/bin/../lib/gcc/arm-none-eabi/12.3.1/../../../../arm-none-eabi/lib/thumb/v7e-m+fp/hard/crt0.o (exit)
F:/STM32CubeIDE/STM32CubeIDE_1.14.1/STM32CubeIDE/plugins/com.st.stm32cube.ide.mcu.externaltools.gnu-tools-for-stm32.12.3.rel1.win32_1.0.200.202406191623/tools/bin/../lib/gcc/arm-none-eabi/12.3.1/../../../../arm-none-eabi/lib/thumb/v7e-m+fp/hard\libc_nano.a(libc_a-findfp.o)
                              F:/STM32CubeIDE/STM32CubeIDE_1.14.1/STM32CubeIDE/plugins/com.st.stm32cube.ide.mcu.externaltools.gnu-tools-for-stm32.12.3.rel1.win32_1.0.200.202406191623/tools/bin/../lib/gcc/arm-none-eabi/12.3.1/../../../../arm-none-eabi/lib/thumb/v7e-m+fp/hard\libc_nano.a(libc_a-exit.o) (__stdio_exit_handler)
F:/STM32CubeIDE/STM32CubeIDE_1.14.1/STM32CubeIDE/plugins/com.st.stm32cube.ide.mcu.externaltools.gnu-tools-for-stm32.12.3.rel1.win32_1.0.200.202406191623/tools/bin/../lib/gcc/arm-none-eabi/12.3.1/../../../../arm-none-eabi/lib/thumb/v7e-m+fp/hard\libc_nano.a(libc_a-fwalk.o)
                              F:/STM32CubeIDE/STM32CubeIDE_1.14.1/STM32CubeIDE/plugins/com.st.stm32cube.ide.mcu.externaltools.gnu-tools-for-stm32.12.3.rel1.win32_1.0.200.202406191623/tools/bin/../lib/gcc/arm-none-eabi/12.3.1/../../../../arm-none-eabi/lib/thumb/v7e-m+fp/hard\libc_nano.a(libc_a-findfp.o) (_fwalk_sglue)
F:/STM32CubeIDE/STM32CubeIDE_1.14.1/STM32CubeIDE/plugins/com.st.stm32cube.ide.mcu.externaltools.gnu-tools-for-stm32.12.3.rel1.win32_1.0.200.202406191623/tools/bin/../lib/gcc/arm-none-eabi/12.3.1/../../../../arm-none-eabi/lib/thumb/v7e-m+fp/hard\libc_nano.a(libc_a-stdio.o)
                              F:/STM32CubeIDE/STM32CubeIDE_1.14.1/STM32CubeIDE/plugins/com.st.stm32cube.ide.mcu.externaltools.gnu-tools-for-stm32.12.3.rel1.win32_1.0.200.202406191623/tools/bin/../lib/gcc/arm-none-eabi/12.3.1/../../../../arm-none-eabi/lib/thumb/v7e-m+fp/hard\libc_nano.a(libc_a-findfp.o) (__sread)
F:/STM32CubeIDE/STM32CubeIDE_1.14.1/STM32CubeIDE/plugins/com.st.stm32cube.ide.mcu.externaltools.gnu-tools-for-stm32.12.3.rel1.win32_1.0.200.202406191623/tools/bin/../lib/gcc/arm-none-eabi/12.3.1/../../../../arm-none-eabi/lib/thumb/v7e-m+fp/hard\libc_nano.a(libc_a-vsnprintf.o)
                              ./Core/Src/main.o (vsnprintf)
F:/STM32CubeIDE/STM32CubeIDE_1.14.1/STM32CubeIDE/plugins/com.st.stm32cube.ide.mcu.externaltools.gnu-tools-for-stm32.12.3.rel1.win32_1.0.200.202406191623/tools/bin/../lib/gcc/arm-none-eabi/12.3.1/../../../../arm-none-eabi/lib/thumb/v7e-m+fp/hard\libc_nano.a(libc_a-memset.o)
                              F:/STM32CubeIDE/STM32CubeIDE_1.14.1/STM32CubeIDE/plugins/com.st.stm32cube.ide.mcu.externaltools.gnu-tools-for-stm32.12.3.rel1.win32_1.0.200.202406191623/tools/bin/../lib/gcc/arm-none-eabi/12.3.1/../../../../arm-none-eabi/lib/thumb/v7e-m+fp/hard/crt0.o (memset)
F:/STM32CubeIDE/STM32CubeIDE_1.14.1/STM32CubeIDE/plugins/com.st.stm32cube.ide.mcu.externaltools.gnu-tools-for-stm32.12.3.rel1.win32_1.0.200.202406191623/tools/bin/../lib/gcc/arm-none-eabi/12.3.1/../../../../arm-none-eabi/lib/thumb/v7e-m+fp/hard\libc_nano.a(libc_a-closer.o)
                              F:/STM32CubeIDE/STM32CubeIDE_1.14.1/STM32CubeIDE/plugins/com.st.stm32cube.ide.mcu.externaltools.gnu-tools-for-stm32.12.3.rel1.win32_1.0.200.202406191623/tools/bin/../lib/gcc/arm-none-eabi/12.3.1/../../../../arm-none-eabi/lib/thumb/v7e-m+fp/hard\libc_nano.a(libc_a-stdio.o) (_close_r)
F:/STM32CubeIDE/STM32CubeIDE_1.14.1/STM32CubeIDE/plugins/com.st.stm32cube.ide.mcu.externaltools.gnu-tools-for-stm32.12.3.rel1.win32_1.0.200.202406191623/tools/bin/../lib/gcc/arm-none-eabi/12.3.1/../../../../arm-none-eabi/lib/thumb/v7e-m+fp/hard\libc_nano.a(libc_a-reent.o)
                              F:/STM32CubeIDE/STM32CubeIDE_1.14.1/STM32CubeIDE/plugins/com.st.stm32cube.ide.mcu.externaltools.gnu-tools-for-stm32.12.3.rel1.win32_1.0.200.202406191623/tools/bin/../lib/gcc/arm-none-eabi/12.3.1/../../../../arm-none-eabi/lib/thumb/v7e-m+fp/hard\libc_nano.a(libc_a-closer.o) (errno)
F:/STM32CubeIDE/STM32CubeIDE_1.14.1/STM32CubeIDE/plugins/com.st.stm32cube.ide.mcu.externaltools.gnu-tools-for-stm32.12.3.rel1.win32_1.0.200.202406191623/tools/bin/../lib/gcc/arm-none-eabi/12.3.1/../../../../arm-none-eabi/lib/thumb/v7e-m+fp/hard\libc_nano.a(libc_a-impure.o)
[...]
Memory Configuration

Name             Origin             Length             Attributes
RAM              0x20000000         0x00010000         xrw
FLASH            0x08000000         0x00040000         xr
*default*        0x00000000         0xffffffff

Linker script and memory map

LOAD F:/STM32CubeIDE/STM32CubeIDE_1.14.1/STM32CubeIDE/plugins/com.st.stm32cube.ide.mcu.externaltools.gnu-tools-for-stm32.12.3.rel1.win32_1.0.200.202406191623/tools/bin/../lib/gcc/arm-none-eabi/12.3.1/thumb/v7e-m+fp/hard/crti.o
LOAD F:/STM32CubeIDE/STM32CubeIDE_1.14.1/STM32CubeIDE/plugins/com.st.stm32cube.ide.mcu.externaltools.gnu-tools-for-stm32.12.3.rel1.win32_1.0.200.202406191623/tools/bin/../lib/gcc/arm-none-eabi/12.3.1/thumb/v7e-m+fp/hard/crtbegin.o
LOAD F:/STM32CubeIDE/STM32CubeIDE_1.14.1/STM32CubeIDE/plugins/com.st.stm32cube.ide.mcu.externaltools.gnu-tools-for-stm32.12.3.rel1.win32_1.0.200.202406191623/tools/bin/../lib/gcc/arm-none-eabi/12.3.1/../../../../arm-none-eabi/lib/thumb/v7e-m+fp/hard/crt0.o
LOAD ./Core/Src/main.o
LOAD ./Core/Src/stm32f4xx_it.o
LOAD ./Core/Src/syscalls.o
LOAD ./Core/Src/sysmem.o
LOAD ./Core/Src/system_stm32f4xx.o
LOAD ./Core/Startup/startup_stm32f401ccux.o
LOAD ./Drivers/STM32F4xx_HAL_Driver/Src/stm32f4xx_ll_dma.o
LOAD ./Drivers/STM32F4xx_HAL_Driver/Src/stm32f4xx_ll_exti.o
LOAD ./Drivers/STM32F4xx_HAL_Driver/Src/stm32f4xx_ll_gpio.o
LOAD ./Drivers/STM32F4xx_HAL_Driver/Src/stm32f4xx_ll_rcc.o
LOAD ./Drivers/STM32F4xx_HAL_Driver/Src/stm32f4xx_ll_spi.o
LOAD ./Drivers/STM32F4xx_HAL_Driver/Src/stm32f4xx_ll_usart.o
LOAD ./Drivers/STM32F4xx_HAL_Driver/Src/stm32f4xx_ll_utils.o
LOAD ./SPI_SLAVE/slave_reg.o
START GROUP
LOAD F:/STM32CubeIDE/STM32CubeIDE_1.14.1/STM32CubeIDE/plugins/com.st.stm32cube.ide.mcu.externaltools.gnu-tools-for-stm32.12.3.rel1.win32_1.0.200.202406191623/tools/bin/../lib/gcc/arm-none-eabi/12.3.1/../../../../arm-none-eabi/lib/thumb/v7e-m+fp/hard\libc_nano.a
LOAD F:/STM32CubeIDE/STM32CubeIDE_1.14.1/STM32CubeIDE/plugins/com.st.stm32cube.ide.mcu.externaltools.gnu-tools-for-stm32.12.3.rel1.win32_1.0.200.202406191623/tools/bin/../lib/gcc/arm-none-eabi/12.3.1/../../../../arm-none-eabi/lib/thumb/v7e-m+fp/hard\libm.a
END GROUP
START GROUP
LOAD F:/STM32CubeIDE/STM32CubeIDE_1.14.1/STM32CubeIDE/plugins/com.st.stm32cube.ide.mcu.externaltools.gnu-tools-for-stm32.12.3.rel1.win32_1.0.200.202406191623/tools/bin/../lib/gcc/arm-none-eabi/12.3.1/thumb/v7e-m+fp/hard\libgcc.a
LOAD F:/STM32CubeIDE/STM32CubeIDE_1.14.1/STM32CubeIDE/plugins/com.st.stm32cube.ide.mcu.externaltools.gnu-tools-for-stm32.12.3.rel1.win32_1.0.200.202406191623/tools/bin/../lib/gcc/arm-none-eabi/12.3.1/../../../../arm-none-eabi/lib/thumb/v7e-m+fp/hard\libc_nano.a
END GROUP
START GROUP
LOAD F:/STM32CubeIDE/STM32CubeIDE_1.14.1/STM32CubeIDE/plugins/com.st.stm32cube.ide.mcu.externaltools.gnu-tools-for-stm32.12.3.rel1.win32_1.0.200.202406191623/tools/bin/../lib/gcc/arm-none-eabi/12.3.1/thumb/v7e-m+fp/hard\libgcc.a
LOAD F:/STM32CubeIDE/STM32CubeIDE_1.14.1/STM32CubeIDE/plugins/com.st.stm32cube.ide.mcu.externaltools.gnu-tools-for-stm32.12.3.rel1.win32_1.0.200.202406191623/tools/bin/../lib/gcc/arm-none-eabi/12.3.1/../../../../arm-none-eabi/lib/thumb/v7e-m+fp/hard\libc_nano.a
LOAD F:/STM32CubeIDE/STM32CubeIDE_1.14.1/STM32CubeIDE/plugins/com.st.stm32cube.ide.mcu.externaltools.gnu-tools-for-stm32.12.3.rel1.win32_1.0.200.202406191623/tools/bin/../lib/gcc/arm-none-eabi/12.3.1/../../../../arm-none-eabi/lib/thumb/v7e-m+fp/hard\libnosys.a
END GROUP
START GROUP
LOAD F:/STM32CubeIDE/STM32CubeIDE_1.14.1/STM32CubeIDE/plugins/com.st.stm32cube.ide.mcu.externaltools.gnu-tools-for-stm32.12.3.rel1.win32_1.0.200.202406191623/tools/bin/../lib/gcc/arm-none-eabi/12.3.1/thumb/v7e-m+fp/hard\libgcc.a
LOAD F:/STM32CubeIDE/STM32CubeIDE_1.14.1/STM32CubeIDE/plugins/com.st.stm32cube.ide.mcu.externaltools.gnu-tools-for-stm32.12.3.rel1.win32_1.0.200.202406191623/tools/bin/../lib/gcc/arm-none-eabi/12.3.1/../../../../arm-none-eabi/lib/thumb/v7e-m+fp/hard\libc_nano.a
LOAD F:/STM32CubeIDE/STM32CubeIDE_1.14.1/STM32CubeIDE/plugins/com.st.stm32cube.ide.mcu.externaltools.gnu-tools-for-stm32.12.3.rel1.win32_1.0.200.202406191623/tools/bin/../lib/gcc/arm-none-eabi/12.3.1/../../../../arm-none-eabi/lib/thumb/v7e-m+fp/hard\libnosys.a
END GROUP
LOAD F:/STM32CubeIDE/STM32CubeIDE_1.14.1/STM32CubeIDE/plugins/com.st.stm32cube.ide.mcu.externaltools.gnu-tools-for-stm32.12.3.rel1.win32_1.0.200.202406191623/tools/bin/../lib/gcc/arm-none-eabi/12.3.1/thumb/v7e-m+fp/hard/crtend.o
LOAD F:/STM32CubeIDE/STM32CubeIDE_1.14.1/STM32CubeIDE/plugins/com.st.stm32cube.ide.mcu.externaltools.gnu-tools-for-stm32.12.3.rel1.win32_1.0.200.202406191623/tools/bin/../lib/gcc/arm-none-eabi/12.3.1/thumb/v7e-m+fp/hard/crtn.o
                0x20010000                        _estack = (ORIGIN (RAM) + LENGTH (RAM))
                0x00000200                        _Min_Heap_Size = 0x200
                0x00000400                        _Min_Stack_Size = 0x400

.isr_vector     0x08000000      0x194
                0x08000000                        . = ALIGN (0x4)
 *(.isr_vector)
 .isr_vector    0x08000000      0x194 ./Core/Startup/startup_stm32f401ccux.o
                0x08000000                g_pfnVectors
                0x08000194                        . = ALIGN (0x4)

.text           0x080001a0     0x2c3c
                0x080001a0                        . = ALIGN (0x4)
 *(.text)
 .text          0x080001a0       0x40 F:/STM32CubeIDE/STM32CubeIDE_1.14.1/STM32CubeIDE/plugins/com.st.stm32cube.ide.mcu.externaltools.gnu-tools-for-stm32.12.3.rel1.win32_1.0.200.202406191623/tools/bin/../lib/gcc/arm-none-eabi/12.3.1/thumb/v7e-m+fp/hard/crtbegin.o
 .text          0x080001e0       0x10 F:/STM32CubeIDE/STM32CubeIDE_1.14.1/STM32CubeIDE/plugins/com.st.stm32cube.ide.mcu.externaltools.gnu-tools-for-stm32.12.3.rel1.win32_1.0.200.202406191623/tools/bin/../lib/gcc/arm-none-eabi/12.3.1/../../../../arm-none-eabi/lib/thumb/v7e-m+fp/hard\libc_nano.a(libc_a-strlen.o)
                0x080001e0                strlen
 .text          0x080001f0       0xa0 F:/STM32CubeIDE/STM32CubeIDE_1.14.1/STM32CubeIDE/plugins/com.st.stm32cube.ide.mcu.externaltools.gnu-tools-for-stm32.12.3.rel1.win32_1.0.200.202406191623/tools/bin/../lib/gcc/arm-none-eabi/12.3.1/../../../../arm-none-eabi/lib/thumb/v7e-m+fp/hard\libc_nano.a(libc_a-memchr.o)
                0x080001f0                memchr
 .text          0x08000290       0x30 F:/STM32CubeIDE/STM32CubeIDE_1.14.1/STM32CubeIDE/plugins/com.st.stm32cube.ide.mcu.externaltools.gnu-tools-for-stm32.12.3.rel1.win32_1.0.200.202406191623/tools/bin/../lib/gcc/arm-none-eabi/12.3.1/thumb/v7e-m+fp/hard\libgcc.a(_aeabi_uldivmod.o)
                0x08000290                __aeabi_uldivmod
 .text          0x080002c0      0x2bc F:/STM32CubeIDE/STM32CubeIDE_1.14.1/STM32CubeIDE/plugins/com.st.stm32cube.ide.mcu.externaltools.gnu-tools-for-stm32.12.3.rel1.win32_1.0.200.202406191623/tools/bin/../lib/gcc/arm-none-eabi/12.3.1/thumb/v7e-m+fp/hard\libgcc.a(_udivmoddi4.o)
                0x080002c0                __udivmoddi4
 .text          0x0800057c        0x4 F:/STM32CubeIDE/STM32CubeIDE_1.14.1/STM32CubeIDE/plugins/com.st.stm32cube.ide.mcu.externaltools.gnu-tools-for-stm32.12.3.rel1.win32_1.0.200.202406191623/tools/bin/../lib/gcc/arm-none-eabi/12.3.1/thumb/v7e-m+fp/hard\libgcc.a(_dvmd_tls.o)
                0x0800057c                __aeabi_idiv0
                0x0800057c                __aeabi_ldiv0
 *(.text*)
 .text.__NVIC_SetPriorityGrouping
                0x08000580       0x48 ./Core/Src/main.o
 .text.__NVIC_GetPriorityGrouping
                0x080005c8       0x1c ./Core/Src/main.o
 .text.__NVIC_EnableIRQ
                0x080005e4       0x3c ./Core/Src/main.o
 .text.__NVIC_SetPriority
                0x08000620       0x54 ./Core/Src/main.o
 .text.NVIC_EncodePriority
                0x08000674       0x66 ./Core/Src/main.o
 *fill*         0x080006da        0x2 
 .text.LL_RCC_HSI_Enable
                0x080006dc       0x20 ./Core/Src/main.o
 .text.LL_RCC_HSI_IsReady
                0x080006fc       0x24 ./Core/Src/main.o
 .text.LL_RCC_HSI_SetCalibTrimming
                0x08000720       0x2c ./Core/Src/main.o
 .text.LL_RCC_SetSysClkSource
                0x0800074c       0x28 ./Core/Src/main.o
 .text.LL_RCC_GetSysClkSource
                0x08000774       0x1c ./Core/Src/main.o
 .text.LL_RCC_SetAHBPrescaler
                0x08000790       0x28 ./Core/Src/main.o
 .text.LL_RCC_SetAPB1Prescaler
                0x080007b8       0x28 ./Core/Src/main.o
 .text.LL_RCC_SetAPB2Prescaler
                0x080007e0       0x28 ./Core/Src/main.o
 .text.LL_RCC_SetTIMPrescaler
                0x08000808       0x2c ./Core/Src/main.o
 .text.LL_AHB1_GRP1_EnableClock
                0x08000834       0x30 ./Core/Src/main.o
 .text.LL_APB1_GRP1_EnableClock
                0x08000864       0x30 ./Core/Src/main.o
 .text.LL_APB2_GRP1_EnableClock
                0x08000894       0x30 ./Core/Src/main.o
 .text.LL_SYSCFG_SetEXTISource
                0x080008c4       0x6c ./Core/Src/main.o
 .text.LL_FLASH_SetLatency
                0x08000930       0x28 ./Core/Src/main.o
 .text.LL_FLASH_GetLatency
                0x08000958       0x1c ./Core/Src/main.o
 .text.LL_PWR_SetRegulVoltageScaling
                0x08000974       0x28 ./Core/Src/main.o
 .text.LL_SPI_Enable
                0x0800099c       0x20 ./Core/Src/main.o
 .text.LL_SPI_SetStandard
                0x080009bc       0x26 ./Core/Src/main.o
 .text.LL_SPI_IsActiveFlag_RXNE
                0x080009e2       0x26 ./Core/Src/main.o
 .text.LL_SPI_IsActiveFlag_TXE
                0x08000a08       0x26 ./Core/Src/main.o
 .text.LL_SPI_ClearFlag_OVR
                0x08000a2e       0x24 ./Core/Src/main.o
 .text.LL_SPI_DisableIT_RXNE
                0x08000a52       0x20 ./Core/Src/main.o
 .text.LL_SPI_ReceiveData8
                0x08000a72       0x1c ./Core/Src/main.o
 .text.LL_SPI_TransmitData8
                0x08000a8e       0x24 ./Core/Src/main.o
 .text.LL_USART_Enable
                0x08000ab2       0x20 ./Core/Src/main.o
 .text.LL_USART_ConfigAsyncMode
                0x08000ad2       0x2c ./Core/Src/main.o
 .text.LL_USART_IsActiveFlag_TC
                0x08000afe       0x26 ./Core/Src/main.o
 .text.LL_USART_IsActiveFlag_TXE
                0x08000b24       0x26 ./Core/Src/main.o
 .text.LL_USART_TransmitData8
                0x08000b4a       0x1e ./Core/Src/main.o
 .text.LL_GPIO_SetPinMode
                0x08000b68       0x7a ./Core/Src/main.o
 .text.LL_GPIO_SetPinPull
                0x08000be2       0x7a ./Core/Src/main.o
 .text.LL_GPIO_ResetOutputPin
                0x08000c5c       0x1e ./Core/Src/main.o
 .text.LL_GPIO_TogglePin
                0x08000c7a       0x32 ./Core/Src/main.o
 .text.main     0x08000cac       0x64 ./Core/Src/main.o
                0x08000cac                main
 .text.SystemClock_Config
                0x08000d10       0x74 ./Core/Src/main.o
                0x08000d10                SystemClock_Config
 .text.MX_SPI1_Init
                0x08000d84       0xc4 ./Core/Src/main.o
 .text.MX_USART1_UART_Init
                0x08000e48       0xa0 ./Core/Src/main.o
 .text.MX_GPIO_Init
                0x08000ee8      0x1b8 ./Core/Src/main.o
 .text.uart_print
                0x080010a0       0x60 ./Core/Src/main.o
                0x080010a0                uart_print
 .text.uart_printf
                0x08001100       0x36 ./Core/Src/main.o
                0x08001100                uart_printf
 *fill*         0x08001136        0x2 
 .text.spi_receive_it
                0x08001138       0x80 ./Core/Src/main.o
                0x08001138                spi_receive_it
 .text.process_irq_spi1
                0x080011b8       0xa0 ./Core/Src/main.o
                0x080011b8                process_irq_spi1
 .text.LL_EXTI_IsActiveFlag_0_31
                0x08001258       0x2c ./Core/Src/stm32f4xx_it.o
 .text.LL_EXTI_ClearFlag_0_31
                0x08001284       0x20 ./Core/Src/stm32f4xx_it.o
 .text.LL_GPIO_IsInputPinSet
                0x080012a4       0x2a ./Core/Src/stm32f4xx_it.o
 .text.NMI_Handler
                0x080012ce        0x8 ./Core/Src/stm32f4xx_it.o
                0x080012ce                NMI_Handler
 .text.HardFault_Handler
                0x080012d6        0x8 ./Core/Src/stm32f4xx_it.o
                0x080012d6                HardFault_Handler
 .text.MemManage_Handler
                0x080012de        0x8 ./Core/Src/stm32f4xx_it.o
                0x080012de                MemManage_Handler
 .text.BusFault_Handler
                0x080012e6        0x8 ./Core/Src/stm32f4xx_it.o
                0x080012e6                BusFault_Handler
 .text.UsageFault_Handler
                0x080012ee        0x8 ./Core/Src/stm32f4xx_it.o
                0x080012ee                UsageFault_Handler
 .text.SVC_Handler
                0x080012f6        0xe ./Core/Src/stm32f4xx_it.o
                0x080012f6                SVC_Handler
 .text.DebugMon_Handler
                0x08001304        0xe ./Core/Src/stm32f4xx_it.o
                0x08001304                DebugMon_Handler
 .text.PendSV_Handler
                0x08001312        0xe ./Core/Src/stm32f4xx_it.o
                0x08001312                PendSV_Handler
 .text.SysTick_Handler
                0x08001320        0xe ./Core/Src/stm32f4xx_it.o
                0x08001320                SysTick_Handler
 .text.SPI1_IRQHandler
                0x0800132e        0xc ./Core/Src/stm32f4xx_it.o
                0x0800132e                SPI1_IRQHandler
 *fill*         0x0800133a        0x2 
 .text.EXTI1_IRQHandler
                0x0800133c       0x4c ./Core/Src/stm32f4xx_it.o
                0x0800133c                EXTI1_IRQHandler
 .text.EXTI2_IRQHandler
                0x08001388       0x4c ./Core/Src/stm32f4xx_it.o
                0x08001388                EXTI2_IRQHandler
 .text.EXTI3_IRQHandler
                0x080013d4       0x1a ./Core/Src/stm32f4xx_it.o
                0x080013d4                EXTI3_IRQHandler
 *fill*         0x080013ee        0x2 
 .text.EXTI4_IRQHandler
                0x080013f0       0x4c ./Core/Src/stm32f4xx_it.o
                0x080013f0                EXTI4_IRQHandler
 .text._sbrk    0x0800143c       0x6c ./Core/Src/sysmem.o
                0x0800143c                _sbrk
 .text.SystemInit
                0x080014a8       0x24 ./Core/Src/system_stm32f4xx.o
                0x080014a8                SystemInit
 .text.Reset_Handler
                0x080014cc       0x50 ./Core/Startup/startup_stm32f401ccux.o
                0x080014cc                Reset_Handler
 .text.Default_Handler
                0x0800151c        0x2 ./Core/Startup/startup_stm32f401ccux.o
                0x0800151c                RTC_Alarm_IRQHandler
                0x0800151c                SPI4_IRQHandler
                0x0800151c                TIM1_CC_IRQHandler
                0x0800151c                DMA2_Stream5_IRQHandler
                0x0800151c                DMA1_Stream5_IRQHandler
                0x0800151c                PVD_IRQHandler
                0x0800151c                SDIO_IRQHandler
                0x0800151c                TAMP_STAMP_IRQHandler
                0x0800151c                TIM1_UP_TIM10_IRQHandler
                0x0800151c                I2C3_ER_IRQHandler
                0x0800151c                EXTI0_IRQHandler
                0x0800151c                I2C2_EV_IRQHandler
                0x0800151c                DMA1_Stream2_IRQHandler
                0x0800151c                FPU_IRQHandler
                0x0800151c                DMA2_Stream2_IRQHandler
                0x0800151c                TIM1_BRK_TIM9_IRQHandler
                0x0800151c                DMA2_Stream3_IRQHandler
                0x0800151c                USART6_IRQHandler
                0x0800151c                DMA2_Stream0_IRQHandler
                0x0800151c                TIM4_IRQHandler
                0x0800151c                I2C1_EV_IRQHandler
                0x0800151c                DMA1_Stream6_IRQHandler
                0x0800151c                DMA1_Stream1_IRQHandler
                0x0800151c                TIM3_IRQHandler
                0x0800151c                RCC_IRQHandler
                0x0800151c                Default_Handler
                0x0800151c                EXTI15_10_IRQHandler
                0x0800151c                ADC_IRQHandler
                0x0800151c                DMA1_Stream7_IRQHandler
                0x0800151c                TIM5_IRQHandler
                0x0800151c                DMA2_Stream7_IRQHandler
                0x0800151c                I2C3_EV_IRQHandler
                0x0800151c                EXTI9_5_IRQHandler
                0x0800151c                RTC_WKUP_IRQHandler
                0x0800151c                SPI2_IRQHandler
                0x0800151c                DMA1_Stream0_IRQHandler
                0x0800151c                WWDG_IRQHandler
                0x0800151c                TIM2_IRQHandler
                0x0800151c                OTG_FS_WKUP_IRQHandler
                0x0800151c                TIM1_TRG_COM_TIM11_IRQHandler
                0x0800151c                USART2_IRQHandler
                0x0800151c                I2C2_ER_IRQHandler
                0x0800151c                DMA2_Stream1_IRQHandler
                0x0800151c                FLASH_IRQHandler
                0x0800151c                DMA2_Stream4_IRQHandler
                0x0800151c                USART1_IRQHandler
                0x0800151c                OTG_FS_IRQHandler
                0x0800151c                SPI3_IRQHandler
                0x0800151c                DMA1_Stream4_IRQHandler
                0x0800151c                I2C1_ER_IRQHandler
                0x0800151c                DMA2_Stream6_IRQHandler
                0x0800151c                DMA1_Stream3_IRQHandler
 *fill*         0x0800151e        0x2 
 .text.LL_EXTI_EnableIT_0_31
                0x08001520       0x24 ./Drivers/STM32F4xx_HAL_Driver/Src/stm32f4xx_ll_exti.o
 .text.LL_EXTI_DisableIT_0_31
                0x08001544       0x28 ./Drivers/STM32F4xx_HAL_Driver/Src/stm32f4xx_ll_exti.o
 .text.LL_EXTI_EnableEvent_0_31
                0x0800156c       0x24 ./Drivers/STM32F4xx_HAL_Driver/Src/stm32f4xx_ll_exti.o
 .text.LL_EXTI_DisableEvent_0_31
                0x08001590       0x28 ./Drivers/STM32F4xx_HAL_Driver/Src/stm32f4xx_ll_exti.o
 .text.LL_EXTI_EnableRisingTrig_0_31
                0x080015b8       0x24 ./Drivers/STM32F4xx_HAL_Driver/Src/stm32f4xx_ll_exti.o
 .text.LL_EXTI_DisableRisingTrig_0_31
                0x080015dc       0x28 ./Drivers/STM32F4xx_HAL_Driver/Src/stm32f4xx_ll_exti.o
 .text.LL_EXTI_EnableFallingTrig_0_31
                0x08001604       0x24 ./Drivers/STM32F4xx_HAL_Driver/Src/stm32f4xx_ll_exti.o
 .text.LL_EXTI_DisableFallingTrig_0_31
                0x08001628       0x28 ./Drivers/STM32F4xx_HAL_Driver/Src/stm32f4xx_ll_exti.o
 .text.LL_EXTI_Init
                0x08001650       0xfe ./Drivers/STM32F4xx_HAL_Driver/Src/stm32f4xx_ll_exti.o
                0x08001650                LL_EXTI_Init
 .text.LL_GPIO_SetPinMode
                0x0800174e       0x7a ./Drivers/STM32F4xx_HAL_Driver/Src/stm32f4xx_ll_gpio.o
 .text.LL_GPIO_SetPinOutputType
                0x080017c8       0x30 ./Drivers/STM32F4xx_HAL_Driver/Src/stm32f4xx_ll_gpio.o
 .text.LL_GPIO_SetPinSpeed
                0x080017f8       0x7a ./Drivers/STM32F4xx_HAL_Driver/Src/stm32f4xx_ll_gpio.o
 .text.LL_GPIO_SetPinPull
                0x08001872       0x7a ./Drivers/STM32F4xx_HAL_Driver/Src/stm32f4xx_ll_gpio.o
 .text.LL_GPIO_SetAFPin_0_7
                0x080018ec       0x7a ./Drivers/STM32F4xx_HAL_Driver/Src/stm32f4xx_ll_gpio.o
 .text.LL_GPIO_SetAFPin_8_15
                0x08001966       0x7e ./Drivers/STM32F4xx_HAL_Driver/Src/stm32f4xx_ll_gpio.o
 .text.LL_GPIO_Init
                0x080019e4      0x102 ./Drivers/STM32F4xx_HAL_Driver/Src/stm32f4xx_ll_gpio.o
                0x080019e4                LL_GPIO_Init
 *fill*         0x08001ae6        0x2 
 .text.LL_RCC_GetSysClkSource
                0x08001ae8       0x1c ./Drivers/STM32F4xx_HAL_Driver/Src/stm32f4xx_ll_rcc.o
 .text.LL_RCC_GetAHBPrescaler
                0x08001b04       0x1c ./Drivers/STM32F4xx_HAL_Driver/Src/stm32f4xx_ll_rcc.o
 .text.LL_RCC_GetAPB1Prescaler
                0x08001b20       0x1c ./Drivers/STM32F4xx_HAL_Driver/Src/stm32f4xx_ll_rcc.o
 .text.LL_RCC_GetAPB2Prescaler
                0x08001b3c       0x1c ./Drivers/STM32F4xx_HAL_Driver/Src/stm32f4xx_ll_rcc.o
 .text.LL_RCC_PLL_GetMainSource
                0x08001b58       0x1c ./Drivers/STM32F4xx_HAL_Driver/Src/stm32f4xx_ll_rcc.o
 .text.LL_RCC_PLL_GetN
                0x08001b74       0x1c ./Drivers/STM32F4xx_HAL_Driver/Src/stm32f4xx_ll_rcc.o
 .text.LL_RCC_PLL_GetP
                0x08001b90       0x1c ./Drivers/STM32F4xx_HAL_Driver/Src/stm32f4xx_ll_rcc.o
 .text.LL_RCC_PLL_GetDivider
                0x08001bac       0x1c ./Drivers/STM32F4xx_HAL_Driver/Src/stm32f4xx_ll_rcc.o
 .text.LL_RCC_GetSystemClocksFreq
                0x08001bc8       0x4a ./Drivers/STM32F4xx_HAL_Driver/Src/stm32f4xx_ll_rcc.o
                0x08001bc8                LL_RCC_GetSystemClocksFreq
 *fill*         0x08001c12        0x2 
 .text.RCC_GetSystemClockFreq
                0x08001c14       0x50 ./Drivers/STM32F4xx_HAL_Driver/Src/stm32f4xx_ll_rcc.o
                0x08001c14                RCC_GetSystemClockFreq
 .text.RCC_GetHCLKClockFreq
                0x08001c64       0x2c ./Drivers/STM32F4xx_HAL_Driver/Src/stm32f4xx_ll_rcc.o
                0x08001c64                RCC_GetHCLKClockFreq
 .text.RCC_GetPCLK1ClockFreq
                0x08001c90       0x28 ./Drivers/STM32F4xx_HAL_Driver/Src/stm32f4xx_ll_rcc.o
                0x08001c90                RCC_GetPCLK1ClockFreq
 .text.RCC_GetPCLK2ClockFreq
                0x08001cb8       0x28 ./Drivers/STM32F4xx_HAL_Driver/Src/stm32f4xx_ll_rcc.o
                0x08001cb8                RCC_GetPCLK2ClockFreq
 .text.RCC_PLL_GetFreqDomain_SYS
                0x08001ce0       0x7c ./Drivers/STM32F4xx_HAL_Driver/Src/stm32f4xx_ll_rcc.o
                0x08001ce0                RCC_PLL_GetFreqDomain_SYS
 .text.LL_SPI_IsEnabled
                0x08001d5c       0x26 ./Drivers/STM32F4xx_HAL_Driver/Src/stm32f4xx_ll_spi.o
 .text.LL_SPI_SetCRCPolynomial
                0x08001d82       0x20 ./Drivers/STM32F4xx_HAL_Driver/Src/stm32f4xx_ll_spi.o
 .text.LL_SPI_Init
                0x08001da2       0xa4 ./Drivers/STM32F4xx_HAL_Driver/Src/stm32f4xx_ll_spi.o
                0x08001da2                LL_SPI_Init
 .text.LL_USART_IsEnabled
                0x08001e46       0x28 ./Drivers/STM32F4xx_HAL_Driver/Src/stm32f4xx_ll_usart.o
 .text.LL_USART_SetStopBitsLength
                0x08001e6e       0x26 ./Drivers/STM32F4xx_HAL_Driver/Src/stm32f4xx_ll_usart.o
 .text.LL_USART_SetHWFlowCtrl
                0x08001e94       0x26 ./Drivers/STM32F4xx_HAL_Driver/Src/stm32f4xx_ll_usart.o
 *fill*         0x08001eba        0x2 
 .text.LL_USART_SetBaudRate
                0x08001ebc      0x45c ./Drivers/STM32F4xx_HAL_Driver/Src/stm32f4xx_ll_usart.o
 .text.LL_USART_Init
                0x08002318       0xc8 ./Drivers/STM32F4xx_HAL_Driver/Src/stm32f4xx_ll_usart.o
                0x08002318                LL_USART_Init
 .text.LL_InitTick
                0x080023e0       0x34 ./Drivers/STM32F4xx_HAL_Driver/Src/stm32f4xx_ll_utils.o
 .text.LL_Init1msTick
                0x08002414       0x1a ./Drivers/STM32F4xx_HAL_Driver/Src/stm32f4xx_ll_utils.o
                0x08002414                LL_Init1msTick
 *fill*         0x0800242e        0x2 
 .text.LL_SetSystemCoreClock
                0x08002430       0x20 ./Drivers/STM32F4xx_HAL_Driver/Src/stm32f4xx_ll_utils.o
                0x08002430                LL_SetSystemCoreClock
 .text._vsnprintf_r
                0x08002450       0x56 F:/STM32CubeIDE/STM32CubeIDE_1.14.1/STM32CubeIDE/plugins/com.st.stm32cube.ide.mcu.externaltools.gnu-tools-for-stm32.12.3.rel1.win32_1.0.200.202406191623/tools/bin/../lib/gcc/arm-none-eabi/12.3.1/../../../../arm-none-eabi/lib/thumb/v7e-m+fp/hard\libc_nano.a(libc_a-vsnprintf.o)
                0x08002450                _vsniprintf_r
                0x08002450                _vsnprintf_r
 *fill*         0x080024a6        0x2 
 .text.vsnprintf
                0x080024a8       0x1c F:/STM32CubeIDE/STM32CubeIDE_1.14.1/STM32CubeIDE/plugins/com.st.stm32cube.ide.mcu.externaltools.gnu-tools-for-stm32.12.3.rel1.win32_1.0.200.202406191623/tools/bin/../lib/gcc/arm-none-eabi/12.3.1/../../../../arm-none-eabi/lib/thumb/v7e-m+fp/hard\libc_nano.a(libc_a-vsnprintf.o)
                0x080024a8                vsniprintf
                0x080024a8                vsnprintf
 .text.memset   0x080024c4       0x10 F:/STM32CubeIDE/STM32CubeIDE_1.14.1/STM32CubeIDE/plugins/com.st.stm32cube.ide.mcu.externaltools.gnu-tools-for-stm32.12.3.rel1.win32_1.0.200.202406191623/tools/bin/../lib/gcc/arm-none-eabi/12.3.1/../../../../arm-none-eabi/lib/thumb/v7e-m+fp/hard\libc_nano.a(libc_a-memset.o)
                0x080024c4                memset
 .text.__errno  0x080024d4        0xc F:/STM32CubeIDE/STM32CubeIDE_1.14.1/STM32CubeIDE/plugins/com.st.stm32cube.ide.mcu.externaltools.gnu-tools-for-stm32.12.3.rel1.win32_1.0.200.202406191623/tools/bin/../lib/gcc/arm-none-eabi/12.3.1/../../../../arm-none-eabi/lib/thumb/v7e-m+fp/hard\libc_nano.a(libc_a-errno.o)
                0x080024d4                __errno
 .text.__libc_init_array
                0x080024e0       0x48 F:/STM32CubeIDE/STM32CubeIDE_1.14.1/STM32CubeIDE/plugins/com.st.stm32cube.ide.mcu.externaltools.gnu-tools-for-stm32.12.3.rel1.win32_1.0.200.202406191623/tools/bin/../lib/gcc/arm-none-eabi/12.3.1/../../../../arm-none-eabi/lib/thumb/v7e-m+fp/hard\libc_nano.a(libc_a-init.o)
                0x080024e0                __libc_init_array
 .text.__retarget_lock_acquire_recursive
                0x08002528        0x2 F:/STM32CubeIDE/STM32CubeIDE_1.14.1/STM32CubeIDE/plugins/com.st.stm32cube.ide.mcu.externaltools.gnu-tools-for-stm32.12.3.rel1.win32_1.0.200.202406191623/tools/bin/../lib/gcc/arm-none-eabi/12.3.1/../../../../arm-none-eabi/lib/thumb/v7e-m+fp/hard\libc_nano.a(libc_a-lock.o)
                0x08002528                __retarget_lock_acquire_recursive
 .text.__retarget_lock_release_recursive
                0x0800252a        0x2 F:/STM32CubeIDE/STM32CubeIDE_1.14.1/STM32CubeIDE/plugins/com.st.stm32cube.ide.mcu.externaltools.gnu-tools-for-stm32.12.3.rel1.win32_1.0.200.202406191623/tools/bin/../lib/gcc/arm-none-eabi/12.3.1/../../../../arm-none-eabi/lib/thumb/v7e-m+fp/hard\libc_nano.a(libc_a-lock.o)
                0x0800252a                __retarget_lock_release_recursive
 .text._free_r  0x0800252c       0x94 F:/STM32CubeIDE/STM32CubeIDE_1.14.1/STM32CubeIDE/plugins/com.st.stm32cube.ide.mcu.externaltools.gnu-tools-for-stm32.12.3.rel1.win32_1.0.200.202406191623/tools/bin/../lib/gcc/arm-none-eabi/12.3.1/../../../../arm-none-eabi/lib/thumb/v7e-m+fp/hard\libc_nano.a(libc_a-freer.o)
                0x0800252c                _free_r
 .text.sbrk_aligned
                0x080025c0       0x44 F:/STM32CubeIDE/STM32CubeIDE_1.14.1/STM32CubeIDE/plugins/com.st.stm32cube.ide.mcu.externaltools.gnu-tools-for-stm32.12.3.rel1.win32_1.0.200.202406191623/tools/bin/../lib/gcc/arm-none-eabi/12.3.1/../../../../arm-none-eabi/lib/thumb/v7e-m+fp/hard\libc_nano.a(libc_a-mallocr.o)
 .text._malloc_r
                0x08002604      0x100 F:/STM32CubeIDE/STM32CubeIDE_1.14.1/STM32CubeIDE/plugins/com.st.stm32cube.ide.mcu.externaltools.gnu-tools-for-stm32.12.3.rel1.win32_1.0.200.202406191623/tools/bin/../lib/gcc/arm-none-eabi/12.3.1/../../../../arm-none-eabi/lib/thumb/v7e-m+fp/hard\libc_nano.a(libc_a-mallocr.o)
                0x08002604                _malloc_r
 .text.__malloc_lock
                0x08002704        0xc F:/STM32CubeIDE/STM32CubeIDE_1.14.1/STM32CubeIDE/plugins/com.st.stm32cube.ide.mcu.externaltools.gnu-tools-for-stm32.12.3.rel1.win32_1.0.200.202406191623/tools/bin/../lib/gcc/arm-none-eabi/12.3.1/../../../../arm-none-eabi/lib/thumb/v7e-m+fp/hard\libc_nano.a(libc_a-mlock.o)
                0x08002704                __malloc_lock
 .text.__malloc_unlock
                0x08002710        0xc F:/STM32CubeIDE/STM32CubeIDE_1.14.1/STM32CubeIDE/plugins/com.st.stm32cube.ide.mcu.externaltools.gnu-tools-for-stm32.12.3.rel1.win32_1.0.200.202406191623/tools/bin/../lib/gcc/arm-none-eabi/12.3.1/../../../../arm-none-eabi/lib/thumb/v7e-m+fp/hard\libc_nano.a(libc_a-mlock.o)
                0x08002710                __malloc_unlock
 .text.__ssputs_r
                0x0800271c       0xb6 F:/STM32CubeIDE/STM32CubeIDE_1.14.1/STM32CubeIDE/plugins/com.st.stm32cube.ide.mcu.externaltools.gnu-tools-for-stm32.12.3.rel1.win32_1.0.200.202406191623/tools/bin/../lib/gcc/arm-none-eabi/12.3.1/../../../../arm-none-eabi/lib/thumb/v7e-m+fp/hard\libc_nano.a(libc_a-nano-svfprintf.o)
                0x0800271c                __ssputs_r
 *fill*         0x080027d2        0x2 
 .text._svfprintf_r
                0x080027d4      0x1f8 F:/STM32CubeIDE/STM32CubeIDE_1.14.1/STM32CubeIDE/plugins/com.st.stm32cube.ide.mcu.externaltools.gnu-tools-for-stm32.12.3.rel1.win32_1.0.200.202406191623/tools/bin/../lib/gcc/arm-none-eabi/12.3.1/../../../../arm-none-eabi/lib/thumb/v7e-m+fp/hard\libc_nano.a(libc_a-nano-svfprintf.o)
                0x080027d4                _svfiprintf_r
                0x080027d4                _svfprintf_r
 .text._printf_common
                0x080029cc       0xda F:/STM32CubeIDE/STM32CubeIDE_1.14.1/STM32CubeIDE/plugins/com.st.stm32cube.ide.mcu.externaltools.gnu-tools-for-stm32.12.3.rel1.win32_1.0.200.202406191623/tools/bin/../lib/gcc/arm-none-eabi/12.3.1/../../../../arm-none-eabi/lib/thumb/v7e-m+fp/hard\libc_nano.a(libc_a-nano-vfprintf_i.o)
                0x080029cc                _printf_common
 *fill*         0x08002aa6        0x2 
 .text._printf_i
                0x08002aa8      0x240 F:/STM32CubeIDE/STM32CubeIDE_1.14.1/STM32CubeIDE/plugins/com.st.stm32cube.ide.mcu.externaltools.gnu-tools-for-stm32.12.3.rel1.win32_1.0.200.202406191623/tools/bin/../lib/gcc/arm-none-eabi/12.3.1/../../../../arm-none-eabi/lib/thumb/v7e-m+fp/hard\libc_nano.a(libc_a-nano-vfprintf_i.o)
                0x08002aa8                _printf_i
 .text.memmove  0x08002ce8       0x34 F:/STM32CubeIDE/STM32CubeIDE_1.14.1/STM32CubeIDE/plugins/com.st.stm32cube.ide.mcu.externaltools.gnu-tools-for-stm32.12.3.rel1.win32_1.0.200.202406191623/tools/bin/../lib/gcc/arm-none-eabi/12.3.1/../../../../arm-none-eabi/lib/thumb/v7e-m+fp/hard\libc_nano.a(libc_a-memmove.o)
                0x08002ce8                memmove
 .text._sbrk_r  0x08002d1c       0x20 F:/STM32CubeIDE/STM32CubeIDE_1.14.1/STM32CubeIDE/plugins/com.st.stm32cube.ide.mcu.externaltools.gnu-tools-for-stm32.12.3.rel1.win32_1.0.200.202406191623/tools/bin/../lib/gcc/arm-none-eabi/12.3.1/../../../../arm-none-eabi/lib/thumb/v7e-m+fp/hard\libc_nano.a(libc_a-sbrkr.o)
                0x08002d1c                _sbrk_r
 .text.memcpy   0x08002d3c       0x1c F:/STM32CubeIDE/STM32CubeIDE_1.14.1/STM32CubeIDE/plugins/com.st.stm32cube.ide.mcu.externaltools.gnu-tools-for-stm32.12.3.rel1.win32_1.0.200.202406191623/tools/bin/../lib/gcc/arm-none-eabi/12.3.1/../../../../arm-none-eabi/lib/thumb/v7e-m+fp/hard\libc_nano.a(libc_a-memcpy-stub.o)
                0x08002d3c                memcpy
 .text._realloc_r
                0x08002d58       0x5c F:/STM32CubeIDE/STM32CubeIDE_1.14.1/STM32CubeIDE/plugins/com.st.stm32cube.ide.mcu.externaltools.gnu-tools-for-stm32.12.3.rel1.win32_1.0.200.202406191623/tools/bin/../lib/gcc/arm-none-eabi/12.3.1/../../../../arm-none-eabi/lib/thumb/v7e-m+fp/hard\libc_nano.a(libc_a-reallocr.o)
                0x08002d58                _realloc_r
 .text._malloc_usable_size_r
                0x08002db4       0x10 F:/STM32CubeIDE/STM32CubeIDE_1.14.1/STM32CubeIDE/plugins/com.st.stm32cube.ide.mcu.externaltools.gnu-tools-for-stm32.12.3.rel1.win32_1.0.200.202406191623/tools/bin/../lib/gcc/arm-none-eabi/12.3.1/../../../../arm-none-eabi/lib/thumb/v7e-m+fp/hard\libc_nano.a(libc_a-msizer.o)
                0x08002db4                _malloc_usable_size_r
 *(.glue_7)
 .glue_7        0x08002dc4        0x0 linker stubs
 *(.glue_7t)
 .glue_7t       0x08002dc4        0x0 linker stubs
 *(.eh_frame)
 .eh_frame      0x08002dc4        0x0 F:/STM32CubeIDE/STM32CubeIDE_1.14.1/STM32CubeIDE/plugins/com.st.stm32cube.ide.mcu.externaltools.gnu-tools-for-stm32.12.3.rel1.win32_1.0.200.202406191623/tools/bin/../lib/gcc/arm-none-eabi/12.3.1/thumb/v7e-m+fp/hard/crtbegin.o
 *(.init)
 .init          0x08002dc4        0x4 F:/STM32CubeIDE/STM32CubeIDE_1.14.1/STM32CubeIDE/plugins/com.st.stm32cube.ide.mcu.externaltools.gnu-tools-for-stm32.12.3.rel1.win32_1.0.200.202406191623/tools/bin/../lib/gcc/arm-none-eabi/12.3.1/thumb/v7e-m+fp/hard/crti.o
                0x08002dc4                _init
 .init          0x08002dc8        0x8 F:/STM32CubeIDE/STM32CubeIDE_1.14.1/STM32CubeIDE/plugins/com.st.stm32cube.ide.mcu.externaltools.gnu-tools-for-stm32.12.3.rel1.win32_1.0.200.202406191623/tools/bin/../lib/gcc/arm-none-eabi/12.3.1/thumb/v7e-m+fp/hard/crtn.o
 *(.fini)
 .fini          0x08002dd0        0x4 F:/STM32CubeIDE/STM32CubeIDE_1.14.1/STM32CubeIDE/plugins/com.st.stm32cube.ide.mcu.externaltools.gnu-tools-for-stm32.12.3.rel1.win32_1.0.200.202406191623/tools/bin/../lib/gcc/arm-none-eabi/12.3.1/thumb/v7e-m+fp/hard/crti.o
                0x08002dd0                _fini
 .fini          0x08002dd4        0x8 F:/STM32CubeIDE/STM32CubeIDE_1.14.1/STM32CubeIDE/plugins/com.st.stm32cube.ide.mcu.externaltools.gnu-tools-for-stm32.12.3.rel1.win32_1.0.200.202406191623/tools/bin/../lib/gcc/arm-none-eabi/12.3.1/thumb/v7e-m+fp/hard/crtn.o
                0x08002ddc                        . = ALIGN (0x4)
                0x08002ddc                        _etext = .

.vfp11_veneer   0x08002ddc        0x0
 .vfp11_veneer  0x08002ddc        0x0 linker stubs

.v4_bx          0x08002ddc        0x0
 .v4_bx         0x08002ddc        0x0 linker stubs

.iplt           0x08002ddc        0x0
 .iplt          0x08002ddc        0x0 F:/STM32CubeIDE/STM32CubeIDE_1.14.1/STM32CubeIDE/plugins/com.st.stm32cube.ide.mcu.externaltools.gnu-tools-for-stm32.12.3.rel1.win32_1.0.200.202406191623/tools/bin/../lib/gcc/arm-none-eabi/12.3.1/thumb/v7e-m+fp/hard/crtbegin.o

.rodata         0x08002ddc       0x74
                0x08002ddc                        . = ALIGN (0x4)
 *(.rodata)
 .rodata        0x08002ddc       0x28 ./Core/Src/main.o
 *(.rodata*)
 .rodata.AHBPrescTable
                0x08002e04       0x10 ./Core/Src/system_stm32f4xx.o
                0x08002e04                AHBPrescTable
 .rodata.APBPrescTable
                0x08002e14        0x8 ./Core/Src/system_stm32f4xx.o
                0x08002e14                APBPrescTable
 .rodata._svfprintf_r.str1.1
                0x08002e1c       0x11 F:/STM32CubeIDE/STM32CubeIDE_1.14.1/STM32CubeIDE/plugins/com.st.stm32cube.ide.mcu.externaltools.gnu-tools-for-stm32.12.3.rel1.win32_1.0.200.202406191623/tools/bin/../lib/gcc/arm-none-eabi/12.3.1/../../../../arm-none-eabi/lib/thumb/v7e-m+fp/hard\libc_nano.a(libc_a-nano-svfprintf.o)
 .rodata._printf_i.str1.1
                0x08002e2d       0x22 F:/STM32CubeIDE/STM32CubeIDE_1.14.1/STM32CubeIDE/plugins/com.st.stm32cube.ide.mcu.externaltools.gnu-tools-for-stm32.12.3.rel1.win32_1.0.200.202406191623/tools/bin/../lib/gcc/arm-none-eabi/12.3.1/../../../../arm-none-eabi/lib/thumb/v7e-m+fp/hard\libc_nano.a(libc_a-nano-vfprintf_i.o)
                0x08002e50                        . = ALIGN (0x4)
 *fill*         0x08002e4f        0x1 

.ARM.extab      0x08002e50        0x0
                0x08002e50                        . = ALIGN (0x4)
 *(.ARM.extab* .gnu.linkonce.armextab.*)
                0x08002e50                        . = ALIGN (0x4)

.ARM            0x08002e50        0x8
                0x08002e50                        . = ALIGN (0x4)
                0x08002e50                        __exidx_start = .
 *(.ARM.exidx*)
 .ARM.exidx     0x08002e50        0x8 F:/STM32CubeIDE/STM32CubeIDE_1.14.1/STM32CubeIDE/plugins/com.st.stm32cube.ide.mcu.externaltools.gnu-tools-for-stm32.12.3.rel1.win32_1.0.200.202406191623/tools/bin/../lib/gcc/arm-none-eabi/12.3.1/../../../../arm-none-eabi/lib/thumb/v7e-m+fp/hard\libc_nano.a(libc_a-strlen.o)
 .ARM.exidx     0x08002e58        0x0 F:/STM32CubeIDE/STM32CubeIDE_1.14.1/STM32CubeIDE/plugins/com.st.stm32cube.ide.mcu.externaltools.gnu-tools-for-stm32.12.3.rel1.win32_1.0.200.202406191623/tools/bin/../lib/gcc/arm-none-eabi/12.3.1/../../../../arm-none-eabi/lib/thumb/v7e-m+fp/hard\libc_nano.a(libc_a-memchr.o)
                                  0x8 (size before relaxing)
 .ARM.exidx     0x08002e58        0x0 F:/STM32CubeIDE/STM32CubeIDE_1.14.1/STM32CubeIDE/plugins/com.st.stm32cube.ide.mcu.externaltools.gnu-tools-for-stm32.12.3.rel1.win32_1.0.200.202406191623/tools/bin/../lib/gcc/arm-none-eabi/12.3.1/thumb/v7e-m+fp/hard\libgcc.a(_udivmoddi4.o)
                                  0x8 (size before relaxing)
                0x08002e58                        __exidx_end = .
                0x08002e58                        . = ALIGN (0x4)

.preinit_array  0x08002e58        0x0
                0x08002e58                        . = ALIGN (0x4)
                0x08002e58                        PROVIDE (__preinit_array_start = .)
 *(.preinit_array*)
                0x08002e58                        PROVIDE (__preinit_array_end = .)
                0x08002e58                        . = ALIGN (0x4)

.init_array     0x08002e58        0x4
                0x08002e58                        . = ALIGN (0x4)
                0x08002e58                        PROVIDE (__init_array_start = .)
 *(SORT_BY_NAME(.init_array.*))
 *(.init_array*)
 .init_array    0x08002e58        0x4 F:/STM32CubeIDE/STM32CubeIDE_1.14.1/STM32CubeIDE/plugins/com.st.stm32cube.ide.mcu.externaltools.gnu-tools-for-stm32.12.3.rel1.win32_1.0.200.202406191623/tools/bin/../lib/gcc/arm-none-eabi/12.3.1/thumb/v7e-m+fp/hard/crtbegin.o
                0x08002e5c                        PROVIDE (__init_array_end = .)
                0x08002e5c                        . = ALIGN (0x4)

.fini_array     0x08002e5c        0x4
                0x08002e5c                        . = ALIGN (0x4)
                [!provide]                        PROVIDE (__fini_array_start = .)
 *(SORT_BY_NAME(.fini_array.*))
 *(.fini_array*)
 .fini_array    0x08002e5c        0x4 F:/STM32CubeIDE/STM32CubeIDE_1.14.1/STM32CubeIDE/plugins/com.st.stm32cube.ide.mcu.externaltools.gnu-tools-for-stm32.12.3.rel1.win32_1.0.200.202406191623/tools/bin/../lib/gcc/arm-none-eabi/12.3.1/thumb/v7e-m+fp/hard/crtbegin.o
                [!provide]                        PROVIDE (__fini_array_end = .)
                0x08002e60                        . = ALIGN (0x4)
                0x08002e60                        _sidata = LOADADDR (.data)

.rel.dyn        0x08002e60        0x0
 .rel.iplt      0x08002e60        0x0 F:/STM32CubeIDE/STM32CubeIDE_1.14.1/STM32CubeIDE/plugins/com.st.stm32cube.ide.mcu.externaltools.gnu-tools-for-stm32.12.3.rel1.win32_1.0.200.202406191623/tools/bin/../lib/gcc/arm-none-eabi/12.3.1/thumb/v7e-m+fp/hard/crtbegin.o

.data           0x20000000       0x54 load address 0x08002e60
                0x20000000                        . = ALIGN (0x4)
                0x20000000                        _sdata = .
 *(.data)
 *(.data*)
 .data.SystemCoreClock
                0x20000000        0x4 ./Core/Src/system_stm32f4xx.o
                0x20000000                SystemCoreClock
 .data._impure_ptr
                0x20000004        0x4 F:/STM32CubeIDE/STM32CubeIDE_1.14.1/STM32CubeIDE/plugins/com.st.stm32cube.ide.mcu.externaltools.gnu-tools-for-stm32.12.3.rel1.win32_1.0.200.202406191623/tools/bin/../lib/gcc/arm-none-eabi/12.3.1/../../../../arm-none-eabi/lib/thumb/v7e-m+fp/hard\libc_nano.a(libc_a-impure.o)
                0x20000004                _impure_ptr
 .data._impure_data
                0x20000008       0x4c F:/STM32CubeIDE/STM32CubeIDE_1.14.1/STM32CubeIDE/plugins/com.st.stm32cube.ide.mcu.externaltools.gnu-tools-for-stm32.12.3.rel1.win32_1.0.200.202406191623/tools/bin/../lib/gcc/arm-none-eabi/12.3.1/../../../../arm-none-eabi/lib/thumb/v7e-m+fp/hard\libc_nano.a(libc_a-impure.o)
                0x20000008                _impure_data
 *(.RamFunc)
 *(.RamFunc*)
                0x20000054                        . = ALIGN (0x4)
                0x20000054                        _edata = .

.igot.plt       0x20000054        0x0 load address 0x08002eb4
 .igot.plt      0x20000054        0x0 F:/STM32CubeIDE/STM32CubeIDE_1.14.1/STM32CubeIDE/plugins/com.st.stm32cube.ide.mcu.externaltools.gnu-tools-for-stm32.12.3.rel1.win32_1.0.200.202406191623/tools/bin/../lib/gcc/arm-none-eabi/12.3.1/thumb/v7e-m+fp/hard/crtbegin.o
                0x20000054                        . = ALIGN (0x4)

.bss            0x20000054      0x1d4 load address 0x08002eb4
                0x20000054                        _sbss = .
                0x20000054                        __bss_start__ = _sbss
 *(.bss)
 .bss           0x20000054       0x1c F:/STM32CubeIDE/STM32CubeIDE_1.14.1/STM32CubeIDE/plugins/com.st.stm32cube.ide.mcu.externaltools.gnu-tools-for-stm32.12.3.rel1.win32_1.0.200.202406191623/tools/bin/../lib/gcc/arm-none-eabi/12.3.1/thumb/v7e-m+fp/hard/crtbegin.o
 *(.bss*)
 .bss.data      0x20000070       0x64 ./Core/Src/main.o
                0x20000070                data
 .bss.global_rxdata
                0x200000d4        0x4 ./Core/Src/main.o
                0x200000d4                global_rxdata
 .bss.global_rxindex
                0x200000d8        0x1 ./Core/Src/main.o
                0x200000d8                global_rxindex
 .bss.global_rxlen
                0x200000d9        0x1 ./Core/Src/main.o
                0x200000d9                global_rxlen
 *fill*         0x200000da        0x2 
 .bss.__sbrk_heap_end
                0x200000dc        0x4 ./Core/Src/sysmem.o
 .bss.__sf      0x200000e0      0x138 F:/STM32CubeIDE/STM32CubeIDE_1.14.1/STM32CubeIDE/plugins/com.st.stm32cube.ide.mcu.externaltools.gnu-tools-for-stm32.12.3.rel1.win32_1.0.200.202406191623/tools/bin/../lib/gcc/arm-none-eabi/12.3.1/../../../../arm-none-eabi/lib/thumb/v7e-m+fp/hard\libc_nano.a(libc_a-findfp.o)
                0x200000e0                __sf
 .bss.errno     0x20000218        0x4 F:/STM32CubeIDE/STM32CubeIDE_1.14.1/STM32CubeIDE/plugins/com.st.stm32cube.ide.mcu.externaltools.gnu-tools-for-stm32.12.3.rel1.win32_1.0.200.202406191623/tools/bin/../lib/gcc/arm-none-eabi/12.3.1/../../../../arm-none-eabi/lib/thumb/v7e-m+fp/hard\libc_nano.a(libc_a-reent.o)
                0x20000218                errno
 .bss.__lock___malloc_recursive_mutex
                0x2000021c        0x1 F:/STM32CubeIDE/STM32CubeIDE_1.14.1/STM32CubeIDE/plugins/com.st.stm32cube.ide.mcu.externaltools.gnu-tools-for-stm32.12.3.rel1.win32_1.0.200.202406191623/tools/bin/../lib/gcc/arm-none-eabi/12.3.1/../../../../arm-none-eabi/lib/thumb/v7e-m+fp/hard\libc_nano.a(libc_a-lock.o)
                0x2000021c                __lock___malloc_recursive_mutex
 *fill*         0x2000021d        0x3 
 .bss.__malloc_sbrk_start
                0x20000220        0x4 F:/STM32CubeIDE/STM32CubeIDE_1.14.1/STM32CubeIDE/plugins/com.st.stm32cube.ide.mcu.externaltools.gnu-tools-for-stm32.12.3.rel1.win32_1.0.200.202406191623/tools/bin/../lib/gcc/arm-none-eabi/12.3.1/../../../../arm-none-eabi/lib/thumb/v7e-m+fp/hard\libc_nano.a(libc_a-mallocr.o)
                0x20000220                __malloc_sbrk_start
 .bss.__malloc_free_list
                0x20000224        0x4 F:/STM32CubeIDE/STM32CubeIDE_1.14.1/STM32CubeIDE/plugins/com.st.stm32cube.ide.mcu.externaltools.gnu-tools-for-stm32.12.3.rel1.win32_1.0.200.202406191623/tools/bin/../lib/gcc/arm-none-eabi/12.3.1/../../../../arm-none-eabi/lib/thumb/v7e-m+fp/hard\libc_nano.a(libc_a-mallocr.o)
                0x20000224                __malloc_free_list
 *(COMMON)
                0x20000228                        . = ALIGN (0x4)
                0x20000228                        _ebss = .
                0x20000228                        __bss_end__ = _ebss

._user_heap_stack
                0x20000228      0x600 load address 0x08002eb4
                0x20000228                        . = ALIGN (0x8)
                [!provide]                        PROVIDE (end = .)
                0x20000228                        PROVIDE (_end = .)
                0x20000428                        . = (. + _Min_Heap_Size)
 *fill*         0x20000228      0x200 
                0x20000828                        . = (. + _Min_Stack_Size)
 *fill*         0x20000428      0x400 
                0x20000828                        . = ALIGN (0x8)

/DISCARD/
 libc.a(*)
 libm.a(*)
 libgcc.a(*)

.ARM.attributes
                0x00000000       0x30
 *(.ARM.attributes)
 .ARM.attributes
                0x00000000       0x22 F:/STM32CubeIDE/STM32CubeIDE_1.14.1/STM32CubeIDE/plugins/com.st.stm32cube.ide.mcu.externaltools.gnu-tools-for-stm32.12.3.rel1.win32_1.0.200.202406191623/tools/bin/../lib/gcc/arm-none-eabi/12.3.1/thumb/v7e-m+fp/hard/crti.o
 .ARM.attributes
                0x00000022       0x34 F:/STM32CubeIDE/STM32CubeIDE_1.14.1/STM32CubeIDE/plugins/com.st.stm32cube.ide.mcu.externaltools.gnu-tools-for-stm32.12.3.rel1.win32_1.0.200.202406191623/tools/bin/../lib/gcc/arm-none-eabi/12.3.1/thumb/v7e-m+fp/hard/crtbegin.o
 .ARM.attributes
                0x00000056       0x34 ./Core/Src/main.o
 .ARM.attributes
                0x0000008a       0x34 ./Core/Src/stm32f4xx_it.o
 .ARM.attributes
                0x000000be       0x34 ./Core/Src/sysmem.o
 .ARM.attributes
                0x000000f2       0x34 ./Core/Src/system_stm32f4xx.o
 .ARM.attributes
                0x00000126       0x21 ./Core/Startup/startup_stm32f401ccux.o
 .ARM.attributes
                0x00000147       0x34 ./Drivers/STM32F4xx_HAL_Driver/Src/stm32f4xx_ll_exti.o
 .ARM.attributes
                0x0000017b       0x34 ./Drivers/STM32F4xx_HAL_Driver/Src/stm32f4xx_ll_gpio.o
 .ARM.attributes
                0x000001af       0x34 ./Drivers/STM32F4xx_HAL_Driver/Src/stm32f4xx_ll_rcc.o
 .ARM.attributes
                0x000001e3       0x34 ./Drivers/STM32F4xx_HAL_Driver/Src/stm32f4xx_ll_spi.o
 .ARM.attributes
                0x00000217       0x34 ./Drivers/STM32F4xx_HAL_Driver/Src/stm32f4xx_ll_usart.o
 .ARM.attributes
                0x0000024b       0x34 ./Drivers/STM32F4xx_HAL_Driver/Src/stm32f4xx_ll_utils.o
 .ARM.attributes
                0x0000027f       0x34 F:/STM32CubeIDE/STM32CubeIDE_1.14.1/STM32CubeIDE/plugins/com.st.stm32cube.ide.mcu.externaltools.gnu-tools-for-stm32.12.3.rel1.win32_1.0.200.202406191623/tools/bin/../lib/gcc/arm-none-eabi/12.3.1/../../../../arm-none-eabi/lib/thumb/v7e-m+fp/hard\libc_nano.a(libc_a-findfp.o)
 .ARM.attributes
                0x000002b3       0x34 F:/STM32CubeIDE/STM32CubeIDE_1.14.1/STM32CubeIDE/plugins/com.st.stm32cube.ide.mcu.externaltools.gnu-tools-for-stm32.12.3.rel1.win32_1.0.200.202406191623/tools/bin/../lib/gcc/arm-none-eabi/12.3.1/../../../../arm-none-eabi/lib/thumb/v7e-m+fp/hard\libc_nano.a(libc_a-vsnprintf.o)
 .ARM.attributes
                0x000002e7       0x34 F:/STM32CubeIDE/STM32CubeIDE_1.14.1/STM32CubeIDE/plugins/com.st.stm32cube.ide.mcu.externaltools.gnu-tools-for-stm32.12.3.rel1.win32_1.0.200.202406191623/tools/bin/../lib/gcc/arm-none-eabi/12.3.1/../../../../arm-none-eabi/lib/thumb/v7e-m+fp/hard\libc_nano.a(libc_a-memset.o)
 .ARM.attributes
                0x0000031b       0x34 F:/STM32CubeIDE/STM32CubeIDE_1.14.1/STM32CubeIDE/plugins/com.st.stm32cube.ide.mcu.externaltools.gnu-tools-for-stm32.12.3.rel1.win32_1.0.200.202406191623/tools/bin/../lib/gcc/arm-none-eabi/12.3.1/../../../../arm-none-eabi/lib/thumb/v7e-m+fp/hard\libc_nano.a(libc_a-reent.o)
 .ARM.attributes
                0x0000034f       0x34 F:/STM32CubeIDE/STM32CubeIDE_1.14.1/STM32CubeIDE/plugins/com.st.stm32cube.ide.mcu.externaltools.gnu-tools-for-stm32.12.3.rel1.win32_1.0.200.202406191623/tools/bin/../lib/gcc/arm-none-eabi/12.3.1/../../../../arm-none-eabi/lib/thumb/v7e-m+fp/hard\libc_nano.a(libc_a-impure.o)
 .ARM.attributes
                0x00000383       0x34 F:/STM32CubeIDE/STM32CubeIDE_1.14.1/STM32CubeIDE/plugins/com.st.stm32cube.ide.mcu.externaltools.gnu-tools-for-stm32.12.3.rel1.win32_1.0.200.202406191623/tools/bin/../lib/gcc/arm-none-eabi/12.3.1/../../../../arm-none-eabi/lib/thumb/v7e-m+fp/hard\libc_nano.a(libc_a-errno.o)
 .ARM.attributes
                0x000003b7       0x34 F:/STM32CubeIDE/STM32CubeIDE_1.14.1/STM32CubeIDE/plugins/com.st.stm32cube.ide.mcu.externaltools.gnu-tools-for-stm32.12.3.rel1.win32_1.0.200.202406191623/tools/bin/../lib/gcc/arm-none-eabi/12.3.1/../../../../arm-none-eabi/lib/thumb/v7e-m+fp/hard\libc_nano.a(libc_a-init.o)
 .ARM.attributes
                0x000003eb       0x34 F:/STM32CubeIDE/STM32CubeIDE_1.14.1/STM32CubeIDE/plugins/com.st.stm32cube.ide.mcu.externaltools.gnu-tools-for-stm32.12.3.rel1.win32_1.0.200.202406191623/tools/bin/../lib/gcc/arm-none-eabi/12.3.1/../../../../arm-none-eabi/lib/thumb/v7e-m+fp/hard\libc_nano.a(libc_a-lock.o)
 .ARM.attributes
                0x0000041f       0x17 F:/STM32CubeIDE/STM32CubeIDE_1.14.1/STM32CubeIDE/plugins/com.st.stm32cube.ide.mcu.externaltools.gnu-tools-for-stm32.12.3.rel1.win32_1.0.200.202406191623/tools/bin/../lib/gcc/arm-none-eabi/12.3.1/../../../../arm-none-eabi/lib/thumb/v7e-m+fp/hard\libc_nano.a(libc_a-strlen.o)
 .ARM.attributes
                0x00000436       0x34 F:/STM32CubeIDE/STM32CubeIDE_1.14.1/STM32CubeIDE/plugins/com.st.stm32cube.ide.mcu.externaltools.gnu-tools-for-stm32.12.3.rel1.win32_1.0.200.202406191623/tools/bin/../lib/gcc/arm-none-eabi/12.3.1/../../../../arm-none-eabi/lib/thumb/v7e-m+fp/hard\libc_nano.a(libc_a-freer.o)
 .ARM.attributes
                0x0000046a       0x34 F:/STM32CubeIDE/STM32CubeIDE_1.14.1/STM32CubeIDE/plugins/com.st.stm32cube.ide.mcu.externaltools.gnu-tools-for-stm32.12.3.rel1.win32_1.0.200.202406191623/tools/bin/../lib/gcc/arm-none-eabi/12.3.1/../../../../arm-none-eabi/lib/thumb/v7e-m+fp/hard\libc_nano.a(libc_a-mallocr.o)
 .ARM.attributes
                0x0000049e       0x34 F:/STM32CubeIDE/STM32CubeIDE_1.14.1/STM32CubeIDE/plugins/com.st.stm32cube.ide.mcu.externaltools.gnu-tools-for-stm32.12.3.rel1.win32_1.0.200.202406191623/tools/bin/../lib/gcc/arm-none-eabi/12.3.1/../../../../arm-none-eabi/lib/thumb/v7e-m+fp/hard\libc_nano.a(libc_a-mlock.o)
 .ARM.attributes
                0x000004d2       0x34 F:/STM32CubeIDE/STM32CubeIDE_1.14.1/STM32CubeIDE/plugins/com.st.stm32cube.ide.mcu.externaltools.gnu-tools-for-stm32.12.3.rel1.win32_1.0.200.202406191623/tools/bin/../lib/gcc/arm-none-eabi/12.3.1/../../../../arm-none-eabi/lib/thumb/v7e-m+fp/hard\libc_nano.a(libc_a-nano-svfprintf.o)
 .ARM.attributes
                0x00000506       0x34 F:/STM32CubeIDE/STM32CubeIDE_1.14.1/STM32CubeIDE/plugins/com.st.stm32cube.ide.mcu.externaltools.gnu-tools-for-stm32.12.3.rel1.win32_1.0.200.202406191623/tools/bin/../lib/gcc/arm-none-eabi/12.3.1/../../../../arm-none-eabi/lib/thumb/v7e-m+fp/hard\libc_nano.a(libc_a-nano-vfprintf_i.o)
 .ARM.attributes
                0x0000053a       0x34 F:/STM32CubeIDE/STM32CubeIDE_1.14.1/STM32CubeIDE/plugins/com.st.stm32cube.ide.mcu.externaltools.gnu-tools-for-stm32.12.3.rel1.win32_1.0.200.202406191623/tools/bin/../lib/gcc/arm-none-eabi/12.3.1/../../../../arm-none-eabi/lib/thumb/v7e-m+fp/hard\libc_nano.a(libc_a-memmove.o)
 .ARM.attributes
                0x0000056e       0x34 F:/STM32CubeIDE/STM32CubeIDE_1.14.1/STM32CubeIDE/plugins/com.st.stm32cube.ide.mcu.externaltools.gnu-tools-for-stm32.12.3.rel1.win32_1.0.200.202406191623/tools/bin/../lib/gcc/arm-none-eabi/12.3.1/../../../../arm-none-eabi/lib/thumb/v7e-m+fp/hard\libc_nano.a(libc_a-sbrkr.o)
 .ARM.attributes
                0x000005a2       0x1c F:/STM32CubeIDE/STM32CubeIDE_1.14.1/STM32CubeIDE/plugins/com.st.stm32cube.ide.mcu.externaltools.gnu-tools-for-stm32.12.3.rel1.win32_1.0.200.202406191623/tools/bin/../lib/gcc/arm-none-eabi/12.3.1/../../../../arm-none-eabi/lib/thumb/v7e-m+fp/hard\libc_nano.a(libc_a-memchr.o)
 .ARM.attributes
                0x000005be       0x34 F:/STM32CubeIDE/STM32CubeIDE_1.14.1/STM32CubeIDE/plugins/com.st.stm32cube.ide.mcu.externaltools.gnu-tools-for-stm32.12.3.rel1.win32_1.0.200.202406191623/tools/bin/../lib/gcc/arm-none-eabi/12.3.1/../../../../arm-none-eabi/lib/thumb/v7e-m+fp/hard\libc_nano.a(libc_a-memcpy-stub.o)
 .ARM.attributes
                0x000005f2       0x34 F:/STM32CubeIDE/STM32CubeIDE_1.14.1/STM32CubeIDE/plugins/com.st.stm32cube.ide.mcu.externaltools.gnu-tools-for-stm32.12.3.rel1.win32_1.0.200.202406191623/tools/bin/../lib/gcc/arm-none-eabi/12.3.1/../../../../arm-none-eabi/lib/thumb/v7e-m+fp/hard\libc_nano.a(libc_a-reallocr.o)
 .ARM.attributes
                0x00000626       0x34 F:/STM32CubeIDE/STM32CubeIDE_1.14.1/STM32CubeIDE/plugins/com.st.stm32cube.ide.mcu.externaltools.gnu-tools-for-stm32.12.3.rel1.win32_1.0.200.202406191623/tools/bin/../lib/gcc/arm-none-eabi/12.3.1/../../../../arm-none-eabi/lib/thumb/v7e-m+fp/hard\libc_nano.a(libc_a-msizer.o)
 .ARM.attributes
                0x0000065a       0x22 F:/STM32CubeIDE/STM32CubeIDE_1.14.1/STM32CubeIDE/plugins/com.st.stm32cube.ide.mcu.externaltools.gnu-tools-for-stm32.12.3.rel1.win32_1.0.200.202406191623/tools/bin/../lib/gcc/arm-none-eabi/12.3.1/thumb/v7e-m+fp/hard\libgcc.a(_aeabi_uldivmod.o)
 .ARM.attributes
                0x0000067c       0x34 F:/STM32CubeIDE/STM32CubeIDE_1.14.1/STM32CubeIDE/plugins/com.st.stm32cube.ide.mcu.externaltools.gnu-tools-for-stm32.12.3.rel1.win32_1.0.200.202406191623/tools/bin/../lib/gcc/arm-none-eabi/12.3.1/thumb/v7e-m+fp/hard\libgcc.a(_udivmoddi4.o)
 .ARM.attributes
                0x000006b0       0x22 F:/STM32CubeIDE/STM32CubeIDE_1.14.1/STM32CubeIDE/plugins/com.st.stm32cube.ide.mcu.externaltools.gnu-tools-for-stm32.12.3.rel1.win32_1.0.200.202406191623/tools/bin/../lib/gcc/arm-none-eabi/12.3.1/thumb/v7e-m+fp/hard\libgcc.a(_dvmd_tls.o)
 .ARM.attributes
                0x000006d2       0x22 F:/STM32CubeIDE/STM32CubeIDE_1.14.1/STM32CubeIDE/plugins/com.st.stm32cube.ide.mcu.externaltools.gnu-tools-for-stm32.12.3.rel1.win32_1.0.200.202406191623/tools/bin/../lib/gcc/arm-none-eabi/12.3.1/thumb/v7e-m+fp/hard/crtn.o
OUTPUT(spi_slave_stm32f401ccu6.elf elf32-littlearm)
LOAD linker stubs
LOAD F:/STM32CubeIDE/STM32CubeIDE_1.14.1/STM32CubeIDE/plugins/com.st.stm32cube.ide.mcu.externaltools.gnu-tools-for-stm32.12.3.rel1.win32_1.0.200.202406191623/tools/bin/../lib/gcc/arm-none-eabi/12.3.1/../../../../arm-none-eabi/lib/thumb/v7e-m+fp/hard\libc.a
LOAD F:/STM32CubeIDE/STM32CubeIDE_1.14.1/STM32CubeIDE/plugins/com.st.stm32cube.ide.mcu.externaltools.gnu-tools-for-stm32.12.3.rel1.win32_1.0.200.202406191623/tools/bin/../lib/gcc/arm-none-eabi/12.3.1/../../../../arm-none-eabi/lib/thumb/v7e-m+fp/hard\libm.a
LOAD F:/STM32CubeIDE/STM32CubeIDE_1.14.1/STM32CubeIDE/plugins/com.st.stm32cube.ide.mcu.externaltools.gnu-tools-for-stm32.12.3.rel1.win32_1.0.200.202406191623/tools/bin/../lib/gcc/arm-none-eabi/12.3.1/thumb/v7e-m+fp/hard\libgcc.a

.debug_info     0x00000000     0x4fd0
 .debug_info    0x00000000     0x19b3 ./Core/Src/main.o
 .debug_info    0x000019b3      0x3b9 ./Core/Src/stm32f4xx_it.o
 .debug_info    0x00001d6c      0x168 ./Core/Src/sysmem.o
 .debug_info    0x00001ed4      0x537 ./Core/Src/system_stm32f4xx.o
 .debug_info    0x0000240b       0x30 ./Core/Startup/startup_stm32f401ccux.o
 .debug_info    0x0000243b      0x330 ./Drivers/STM32F4xx_HAL_Driver/Src/stm32f4xx_ll_exti.o
 .debug_info    0x0000276b      0x94a ./Drivers/STM32F4xx_HAL_Driver/Src/stm32f4xx_ll_gpio.o
 .debug_info    0x000030b5      0x734 ./Drivers/STM32F4xx_HAL_Driver/Src/stm32f4xx_ll_rcc.o
 .debug_info    0x000037e9      0x7af ./Drivers/STM32F4xx_HAL_Driver/Src/stm32f4xx_ll_spi.o
 .debug_info    0x00003f98      0x713 ./Drivers/STM32F4xx_HAL_Driver/Src/stm32f4xx_ll_usart.o
 .debug_info    0x000046ab      0x925 ./Drivers/STM32F4xx_HAL_Driver/Src/stm32f4xx_ll_utils.o

.debug_abbrev   0x00000000     0x1387
 .debug_abbrev  0x00000000      0x424 ./Core/Src/main.o
 .debug_abbrev  0x00000424      0x1b2 ./Core/Src/stm32f4xx_it.o
 .debug_abbrev  0x000005d6       0xbc ./Core/Src/sysmem.o
 .debug_abbrev  0x00000692      0x11a ./Core/Src/system_stm32f4xx.o
 .debug_abbrev  0x000007ac       0x24 ./Core/Startup/startup_stm32f401ccux.o
 .debug_abbrev  0x000007d0      0x159 ./Drivers/STM32F4xx_HAL_Driver/Src/stm32f4xx_ll_exti.o
 .debug_abbrev  0x00000929      0x236 ./Drivers/STM32F4xx_HAL_Driver/Src/stm32f4xx_ll_gpio.o
 .debug_abbrev  0x00000b5f      0x1ed ./Drivers/STM32F4xx_HAL_Driver/Src/stm32f4xx_ll_rcc.o
 .debug_abbrev  0x00000d4c      0x217 ./Drivers/STM32F4xx_HAL_Driver/Src/stm32f4xx_ll_spi.o
 .debug_abbrev  0x00000f63      0x1f2 ./Drivers/STM32F4xx_HAL_Driver/Src/stm32f4xx_ll_usart.o
 .debug_abbrev  0x00001155      0x232 ./Drivers/STM32F4xx_HAL_Driver/Src/stm32f4xx_ll_utils.o

.debug_aranges  0x00000000      0x6b0
 .debug_aranges
                0x00000000      0x1a0 ./Core/Src/main.o
 .debug_aranges
                0x000001a0       0xa0 ./Core/Src/stm32f4xx_it.o
 .debug_aranges
                0x00000240       0x20 ./Core/Src/sysmem.o
 .debug_aranges
                0x00000260       0x28 ./Core/Src/system_stm32f4xx.o
 .debug_aranges
                0x00000288       0x28 ./Core/Startup/startup_stm32f401ccux.o
 .debug_aranges
                0x000002b0       0x70 ./Drivers/STM32F4xx_HAL_Driver/Src/stm32f4xx_ll_exti.o
 .debug_aranges
                0x00000320       0x70 ./Drivers/STM32F4xx_HAL_Driver/Src/stm32f4xx_ll_gpio.o
 .debug_aranges
                0x00000390      0x110 ./Drivers/STM32F4xx_HAL_Driver/Src/stm32f4xx_ll_rcc.o
 .debug_aranges
                0x000004a0       0x90 ./Drivers/STM32F4xx_HAL_Driver/Src/stm32f4xx_ll_spi.o
 .debug_aranges
                0x00000530       0x88 ./Drivers/STM32F4xx_HAL_Driver/Src/stm32f4xx_ll_usart.o
 .debug_aranges
                0x000005b8       0xf8 ./Drivers/STM32F4xx_HAL_Driver/Src/stm32f4xx_ll_utils.o

.debug_rnglists
                0x00000000      0x4e0
 .debug_rnglists
                0x00000000      0x138 ./Core/Src/main.o
 .debug_rnglists
                0x00000138       0x73 ./Core/Src/stm32f4xx_it.o
 .debug_rnglists
                0x000001ab       0x13 ./Core/Src/sysmem.o
 .debug_rnglists
                0x000001be       0x1a ./Core/Src/system_stm32f4xx.o
 .debug_rnglists
                0x000001d8       0x19 ./Core/Startup/startup_stm32f401ccux.o
 .debug_rnglists
                0x000001f1       0x50 ./Drivers/STM32F4xx_HAL_Driver/Src/stm32f4xx_ll_exti.o
 .debug_rnglists
                0x00000241       0x51 ./Drivers/STM32F4xx_HAL_Driver/Src/stm32f4xx_ll_gpio.o
 .debug_rnglists
                0x00000292       0xc8 ./Drivers/STM32F4xx_HAL_Driver/Src/stm32f4xx_ll_rcc.o
 .debug_rnglists
                0x0000035a       0x6b ./Drivers/STM32F4xx_HAL_Driver/Src/stm32f4xx_ll_spi.o
 .debug_rnglists
                0x000003c5       0x63 ./Drivers/STM32F4xx_HAL_Driver/Src/stm32f4xx_ll_usart.o
 .debug_rnglists
                0x00000428       0xb8 ./Drivers/STM32F4xx_HAL_Driver/Src/stm32f4xx_ll_utils.o

.debug_macro    0x00000000    0x118d6
 .debug_macro   0x00000000      0x25a ./Core/Src/main.o
 .debug_macro   0x0000025a      0xaf6 ./Core/Src/main.o
 .debug_macro   0x00000d50       0x2e ./Core/Src/main.o
 .debug_macro   0x00000d7e       0x28 ./Core/Src/main.o
 .debug_macro   0x00000da6       0x22 ./Core/Src/main.o
 .debug_macro   0x00000dc8       0x8e ./Core/Src/main.o
 .debug_macro   0x00000e56       0x51 ./Core/Src/main.o
 .debug_macro   0x00000ea7      0x103 ./Core/Src/main.o
 .debug_macro   0x00000faa       0x6a ./Core/Src/main.o
 .debug_macro   0x00001014      0x1df ./Core/Src/main.o
 .debug_macro   0x000011f3       0x1c ./Core/Src/main.o
 .debug_macro   0x0000120f       0x22 ./Core/Src/main.o
 .debug_macro   0x00001231       0xfb ./Core/Src/main.o
 .debug_macro   0x0000132c     0x1011 ./Core/Src/main.o
 .debug_macro   0x0000233d      0x11f ./Core/Src/main.o
 .debug_macro   0x0000245c     0xb86c ./Core/Src/main.o
 .debug_macro   0x0000dcc8       0x6d ./Core/Src/main.o
 .debug_macro   0x0000dd35      0x782 ./Core/Src/main.o
 .debug_macro   0x0000e4b7      0x116 ./Core/Src/main.o
 .debug_macro   0x0000e5cd      0x1ab ./Core/Src/main.o
 .debug_macro   0x0000e778       0xe8 ./Core/Src/main.o
 .debug_macro   0x0000e860      0x1a6 ./Core/Src/main.o
 .debug_macro   0x0000ea06       0x61 ./Core/Src/main.o
 .debug_macro   0x0000ea67       0xbc ./Core/Src/main.o
 .debug_macro   0x0000eb23      0x1e6 ./Core/Src/main.o
 .debug_macro   0x0000ed09      0x23b ./Core/Src/main.o
 .debug_macro   0x0000ef44      0x1bb ./Core/Src/main.o
 .debug_macro   0x0000f0ff      0x149 ./Core/Src/main.o
 .debug_macro   0x0000f248       0x82 ./Core/Src/main.o
 .debug_macro   0x0000f2ca       0x61 ./Core/Src/main.o
 .debug_macro   0x0000f32b       0x2a ./Core/Src/main.o
 .debug_macro   0x0000f355       0x43 ./Core/Src/main.o
 .debug_macro   0x0000f398       0x34 ./Core/Src/main.o
 .debug_macro   0x0000f3cc      0x189 ./Core/Src/main.o
 .debug_macro   0x0000f555       0x16 ./Core/Src/main.o
 .debug_macro   0x0000f56b       0x43 ./Core/Src/main.o
 .debug_macro   0x0000f5ae       0x34 ./Core/Src/main.o
 .debug_macro   0x0000f5e2       0x10 ./Core/Src/main.o
 .debug_macro   0x0000f5f2       0x58 ./Core/Src/main.o
 .debug_macro   0x0000f64a       0x8e ./Core/Src/main.o
 .debug_macro   0x0000f6d8       0x1c ./Core/Src/main.o
 .debug_macro   0x0000f6f4      0x177 ./Core/Src/main.o
 .debug_macro   0x0000f86b      0x369 ./Core/Src/main.o
 .debug_macro   0x0000fbd4       0x10 ./Core/Src/main.o
 .debug_macro   0x0000fbe4       0x35 ./Core/Src/main.o
 .debug_macro   0x0000fc19       0x20 ./Core/Src/main.o
 .debug_macro   0x0000fc39       0x58 ./Core/Src/main.o
 .debug_macro   0x0000fc91       0x1c ./Core/Src/main.o
 .debug_macro   0x0000fcad       0x1c ./Core/Src/main.o
 .debug_macro   0x0000fcc9       0x16 ./Core/Src/main.o
 .debug_macro   0x0000fcdf      0x146 ./Core/Src/main.o
 .debug_macro   0x0000fe25       0x22 ./Core/Src/main.o
 .debug_macro   0x0000fe47      0x150 ./Core/Src/stm32f4xx_it.o
 .debug_macro   0x0000ff97       0xff ./Core/Src/sysmem.o
 .debug_macro   0x00010096      0x23c ./Core/Src/sysmem.o
 .debug_macro   0x000102d2       0xce ./Core/Src/system_stm32f4xx.o
 .debug_macro   0x000103a0       0xf5 ./Drivers/STM32F4xx_HAL_Driver/Src/stm32f4xx_ll_exti.o
 .debug_macro   0x00010495       0xe2 ./Drivers/STM32F4xx_HAL_Driver/Src/stm32f4xx_ll_exti.o
 .debug_macro   0x00010577      0x110 ./Drivers/STM32F4xx_HAL_Driver/Src/stm32f4xx_ll_gpio.o
 .debug_macro   0x00010687      0x143 ./Drivers/STM32F4xx_HAL_Driver/Src/stm32f4xx_ll_gpio.o
 .debug_macro   0x000107ca       0xf5 ./Drivers/STM32F4xx_HAL_Driver/Src/stm32f4xx_ll_rcc.o
 .debug_macro   0x000108bf      0x17d ./Drivers/STM32F4xx_HAL_Driver/Src/stm32f4xx_ll_spi.o
 .debug_macro   0x00010a3c      0x235 ./Drivers/STM32F4xx_HAL_Driver/Src/stm32f4xx_ll_spi.o
 .debug_macro   0x00010c71      0x788 ./Drivers/STM32F4xx_HAL_Driver/Src/stm32f4xx_ll_spi.o
 .debug_macro   0x000113f9      0x13d ./Drivers/STM32F4xx_HAL_Driver/Src/stm32f4xx_ll_usart.o
 .debug_macro   0x00011536      0x1b5 ./Drivers/STM32F4xx_HAL_Driver/Src/stm32f4xx_ll_usart.o
 .debug_macro   0x000116eb      0x190 ./Drivers/STM32F4xx_HAL_Driver/Src/stm32f4xx_ll_utils.o
 .debug_macro   0x0001187b       0x5b ./Drivers/STM32F4xx_HAL_Driver/Src/stm32f4xx_ll_utils.o

.debug_line     0x00000000     0x5772
 .debug_line    0x00000000     0x1175 ./Core/Src/main.o
 .debug_line    0x00001175      0x7f8 ./Core/Src/stm32f4xx_it.o
 .debug_line    0x0000196d      0x672 ./Core/Src/sysmem.o
 .debug_line    0x00001fdf      0x575 ./Core/Src/system_stm32f4xx.o
 .debug_line    0x00002554       0x7a ./Core/Startup/startup_stm32f401ccux.o
 .debug_line    0x000025ce      0x68d ./Drivers/STM32F4xx_HAL_Driver/Src/stm32f4xx_ll_exti.o
 .debug_line    0x00002c5b      0x84b ./Drivers/STM32F4xx_HAL_Driver/Src/stm32f4xx_ll_gpio.o
 .debug_line    0x000034a6      0x984 ./Drivers/STM32F4xx_HAL_Driver/Src/stm32f4xx_ll_rcc.o
 .debug_line    0x00003e2a      0x800 ./Drivers/STM32F4xx_HAL_Driver/Src/stm32f4xx_ll_spi.o
 .debug_line    0x0000462a      0x761 ./Drivers/STM32F4xx_HAL_Driver/Src/stm32f4xx_ll_usart.o
 .debug_line    0x00004d8b      0x9e7 ./Drivers/STM32F4xx_HAL_Driver/Src/stm32f4xx_ll_utils.o

.debug_str      0x00000000    0x626d4
 .debug_str     0x00000000    0x5e681 ./Core/Src/main.o
                              0x5e9d5 (size before relaxing)
 .debug_str     0x0005e681      0x17e ./Core/Src/stm32f4xx_it.o
                              0x5a12d (size before relaxing)
 .debug_str     0x0005e7ff      0x4dc ./Core/Src/sysmem.o
                               0x61b5 (size before relaxing)
 .debug_str     0x0005ecdb       0x77 ./Core/Src/system_stm32f4xx.o
                              0x4f9ee (size before relaxing)
 .debug_str     0x0005ed52       0x44 ./Core/Startup/startup_stm32f401ccux.o
                                 0x7f (size before relaxing)
 .debug_str     0x0005ed96      0x312 ./Drivers/STM32F4xx_HAL_Driver/Src/stm32f4xx_ll_exti.o
                              0x50082 (size before relaxing)
 .debug_str     0x0005f0a8      0x62a ./Drivers/STM32F4xx_HAL_Driver/Src/stm32f4xx_ll_gpio.o
                              0x50ecd (size before relaxing)
 .debug_str     0x0005f6d2      0x487 ./Drivers/STM32F4xx_HAL_Driver/Src/stm32f4xx_ll_rcc.o
                              0x53eb9 (size before relaxing)
 .debug_str     0x0005fb59      0xe30 ./Drivers/STM32F4xx_HAL_Driver/Src/stm32f4xx_ll_spi.o
                              0x55ccf (size before relaxing)
 .debug_str     0x00060989      0x7c2 ./Drivers/STM32F4xx_HAL_Driver/Src/stm32f4xx_ll_usart.o
                              0x5582f (size before relaxing)
 .debug_str     0x0006114b     0x1589 ./Drivers/STM32F4xx_HAL_Driver/Src/stm32f4xx_ll_utils.o
                              0x563c0 (size before relaxing)

.comment        0x00000000       0x43
 .comment       0x00000000       0x43 ./Core/Src/main.o
                                 0x44 (size before relaxing)
 .comment       0x00000043       0x44 ./Core/Src/stm32f4xx_it.o
 .comment       0x00000043       0x44 ./Core/Src/sysmem.o
 .comment       0x00000043       0x44 ./Core/Src/system_stm32f4xx.o
 .comment       0x00000043       0x44 ./Drivers/STM32F4xx_HAL_Driver/Src/stm32f4xx_ll_exti.o
 .comment       0x00000043       0x44 ./Drivers/STM32F4xx_HAL_Driver/Src/stm32f4xx_ll_gpio.o
 .comment       0x00000043       0x44 ./Drivers/STM32F4xx_HAL_Driver/Src/stm32f4xx_ll_rcc.o
 .comment       0x00000043       0x44 ./Drivers/STM32F4xx_HAL_Driver/Src/stm32f4xx_ll_spi.o
 .comment       0x00000043       0x44 ./Drivers/STM32F4xx_HAL_Driver/Src/stm32f4xx_ll_usart.o
 .comment       0x00000043       0x44 ./Drivers/STM32F4xx_HAL_Driver/Src/stm32f4xx_ll_utils.o

.debug_frame    0x00000000     0x2004
 .debug_frame   0x00000000      0x764 ./Core/Src/main.o
 .debug_frame   0x00000764      0x20c ./Core/Src/stm32f4xx_it.o
 .debug_frame   0x00000970       0x34 ./Core/Src/sysmem.o
 .debug_frame   0x000009a4       0x58 ./Core/Src/system_stm32f4xx.o
 .debug_frame   0x000009fc      0x1bc ./Drivers/STM32F4xx_HAL_Driver/Src/stm32f4xx_ll_exti.o
 .debug_frame   0x00000bb8      0x1c0 ./Drivers/STM32F4xx_HAL_Driver/Src/stm32f4xx_ll_gpio.o
 .debug_frame   0x00000d78      0x43c ./Drivers/STM32F4xx_HAL_Driver/Src/stm32f4xx_ll_rcc.o
 .debug_frame   0x000011b4      0x254 ./Drivers/STM32F4xx_HAL_Driver/Src/stm32f4xx_ll_spi.o
 .debug_frame   0x00001408      0x240 ./Drivers/STM32F4xx_HAL_Driver/Src/stm32f4xx_ll_usart.o
 .debug_frame   0x00001648      0x3f8 ./Drivers/STM32F4xx_HAL_Driver/Src/stm32f4xx_ll_utils.o
 .debug_frame   0x00001a40      0x144 F:/STM32CubeIDE/STM32CubeIDE_1.14.1/STM32CubeIDE/plugins/com.st.stm32cube.ide.mcu.externaltools.gnu-tools-for-stm32.12.3.rel1.win32_1.0.200.202406191623/tools/bin/../lib/gcc/arm-none-eabi/12.3.1/../../../../arm-none-eabi/lib/thumb/v7e-m+fp/hard\libc_nano.a(libc_a-findfp.o)
 .debug_frame   0x00001b84       0x4c F:/STM32CubeIDE/STM32CubeIDE_1.14.1/STM32CubeIDE/plugins/com.st.stm32cube.ide.mcu.externaltools.gnu-tools-for-stm32.12.3.rel1.win32_1.0.200.202406191623/tools/bin/../lib/gcc/arm-none-eabi/12.3.1/../../../../arm-none-eabi/lib/thumb/v7e-m+fp/hard\libc_nano.a(libc_a-vsnprintf.o)
 .debug_frame   0x00001bd0       0x20 F:/STM32CubeIDE/STM32CubeIDE_1.14.1/STM32CubeIDE/plugins/com.st.stm32cube.ide.mcu.externaltools.gnu-tools-for-stm32.12.3.rel1.win32_1.0.200.202406191623/tools/bin/../lib/gcc/arm-none-eabi/12.3.1/../../../../arm-none-eabi/lib/thumb/v7e-m+fp/hard\libc_nano.a(libc_a-memset.o)
 .debug_frame   0x00001bf0       0x38 F:/STM32CubeIDE/STM32CubeIDE_1.14.1/STM32CubeIDE/plugins/com.st.stm32cube.ide.mcu.externaltools.gnu-tools-for-stm32.12.3.rel1.win32_1.0.200.202406191623/tools/bin/../lib/gcc/arm-none-eabi/12.3.1/../../../../arm-none-eabi/lib/thumb/v7e-m+fp/hard\libc_nano.a(libc_a-reent.o)
 .debug_frame   0x00001c28       0x20 F:/STM32CubeIDE/STM32CubeIDE_1.14.1/STM32CubeIDE/plugins/com.st.stm32cube.ide.mcu.externaltools.gnu-tools-for-stm32.12.3.rel1.win32_1.0.200.202406191623/tools/bin/../lib/gcc/arm-none-eabi/12.3.1/../../../../arm-none-eabi/lib/thumb/v7e-m+fp/hard\libc_nano.a(libc_a-errno.o)
 .debug_frame   0x00001c48       0x2c F:/STM32CubeIDE/STM32CubeIDE_1.14.1/STM32CubeIDE/plugins/com.st.stm32cube.ide.mcu.externaltools.gnu-tools-for-stm32.12.3.rel1.win32_1.0.200.202406191623/tools/bin/../lib/gcc/arm-none-eabi/12.3.1/../../../../arm-none-eabi/lib/thumb/v7e-m+fp/hard\libc_nano.a(libc_a-init.o)
 .debug_frame   0x00001c74       0xb0 F:/STM32CubeIDE/STM32CubeIDE_1.14.1/STM32CubeIDE/plugins/com.st.stm32cube.ide.mcu.externaltools.gnu-tools-for-stm32.12.3.rel1.win32_1.0.200.202406191623/tools/bin/../lib/gcc/arm-none-eabi/12.3.1/../../../../arm-none-eabi/lib/thumb/v7e-m+fp/hard\libc_nano.a(libc_a-lock.o)
 .debug_frame   0x00001d24       0x38 F:/STM32CubeIDE/STM32CubeIDE_1.14.1/STM32CubeIDE/plugins/com.st.stm32cube.ide.mcu.externaltools.gnu-tools-for-stm32.12.3.rel1.win32_1.0.200.202406191623/tools/bin/../lib/gcc/arm-none-eabi/12.3.1/../../../../arm-none-eabi/lib/thumb/v7e-m+fp/hard\libc_nano.a(libc_a-freer.o)
 .debug_frame   0x00001d5c       0x50 F:/STM32CubeIDE/STM32CubeIDE_1.14.1/STM32CubeIDE/plugins/com.st.stm32cube.ide.mcu.externaltools.gnu-tools-for-stm32.12.3.rel1.win32_1.0.200.202406191623/tools/bin/../lib/gcc/arm-none-eabi/12.3.1/../../../../arm-none-eabi/lib/thumb/v7e-m+fp/hard\libc_nano.a(libc_a-mallocr.o)
 .debug_frame   0x00001dac       0x30 F:/STM32CubeIDE/STM32CubeIDE_1.14.1/STM32CubeIDE/plugins/com.st.stm32cube.ide.mcu.externaltools.gnu-tools-for-stm32.12.3.rel1.win32_1.0.200.202406191623/tools/bin/../lib/gcc/arm-none-eabi/12.3.1/../../../../arm-none-eabi/lib/thumb/v7e-m+fp/hard\libc_nano.a(libc_a-mlock.o)
 .debug_frame   0x00001ddc       0x90 F:/STM32CubeIDE/STM32CubeIDE_1.14.1/STM32CubeIDE/plugins/com.st.stm32cube.ide.mcu.externaltools.gnu-tools-for-stm32.12.3.rel1.win32_1.0.200.202406191623/tools/bin/../lib/gcc/arm-none-eabi/12.3.1/../../../../arm-none-eabi/lib/thumb/v7e-m+fp/hard\libc_nano.a(libc_a-nano-svfprintf.o)
 .debug_frame   0x00001e6c       0x60 F:/STM32CubeIDE/STM32CubeIDE_1.14.1/STM32CubeIDE/plugins/com.st.stm32cube.ide.mcu.externaltools.gnu-tools-for-stm32.12.3.rel1.win32_1.0.200.202406191623/tools/bin/../lib/gcc/arm-none-eabi/12.3.1/../../../../arm-none-eabi/lib/thumb/v7e-m+fp/hard\libc_nano.a(libc_a-nano-vfprintf_i.o)
 .debug_frame   0x00001ecc       0x28 F:/STM32CubeIDE/STM32CubeIDE_1.14.1/STM32CubeIDE/plugins/com.st.stm32cube.ide.mcu.externaltools.gnu-tools-for-stm32.12.3.rel1.win32_1.0.200.202406191623/tools/bin/../lib/gcc/arm-none-eabi/12.3.1/../../../../arm-none-eabi/lib/thumb/v7e-m+fp/hard\libc_nano.a(libc_a-memmove.o)
 .debug_frame   0x00001ef4       0x2c F:/STM32CubeIDE/STM32CubeIDE_1.14.1/STM32CubeIDE/plugins/com.st.stm32cube.ide.mcu.externaltools.gnu-tools-for-stm32.12.3.rel1.win32_1.0.200.202406191623/tools/bin/../lib/gcc/arm-none-eabi/12.3.1/../../../../arm-none-eabi/lib/thumb/v7e-m+fp/hard\libc_nano.a(libc_a-sbrkr.o)
 .debug_frame   0x00001f20       0x28 F:/STM32CubeIDE/STM32CubeIDE_1.14.1/STM32CubeIDE/plugins/com.st.stm32cube.ide.mcu.externaltools.gnu-tools-for-stm32.12.3.rel1.win32_1.0.200.202406191623/tools/bin/../lib/gcc/arm-none-eabi/12.3.1/../../../../arm-none-eabi/lib/thumb/v7e-m+fp/hard\libc_nano.a(libc_a-memcpy-stub.o)
 .debug_frame   0x00001f48       0x3c F:/STM32CubeIDE/STM32CubeIDE_1.14.1/STM32CubeIDE/plugins/com.st.stm32cube.ide.mcu.externaltools.gnu-tools-for-stm32.12.3.rel1.win32_1.0.200.202406191623/tools/bin/../lib/gcc/arm-none-eabi/12.3.1/../../../../arm-none-eabi/lib/thumb/v7e-m+fp/hard\libc_nano.a(libc_a-reallocr.o)
 .debug_frame   0x00001f84       0x20 F:/STM32CubeIDE/STM32CubeIDE_1.14.1/STM32CubeIDE/plugins/com.st.stm32cube.ide.mcu.externaltools.gnu-tools-for-stm32.12.3.rel1.win32_1.0.200.202406191623/tools/bin/../lib/gcc/arm-none-eabi/12.3.1/../../../../arm-none-eabi/lib/thumb/v7e-m+fp/hard\libc_nano.a(libc_a-msizer.o)
 .debug_frame   0x00001fa4       0x2c F:/STM32CubeIDE/STM32CubeIDE_1.14.1/STM32CubeIDE/plugins/com.st.stm32cube.ide.mcu.externaltools.gnu-tools-for-stm32.12.3.rel1.win32_1.0.200.202406191623/tools/bin/../lib/gcc/arm-none-eabi/12.3.1/thumb/v7e-m+fp/hard\libgcc.a(_aeabi_uldivmod.o)
 .debug_frame   0x00001fd0       0x34 F:/STM32CubeIDE/STM32CubeIDE_1.14.1/STM32CubeIDE/plugins/com.st.stm32cube.ide.mcu.externaltools.gnu-tools-for-stm32.12.3.rel1.win32_1.0.200.202406191623/tools/bin/../lib/gcc/arm-none-eabi/12.3.1/thumb/v7e-m+fp/hard\libgcc.a(_udivmoddi4.o)

.debug_line_str
                0x00000000       0x63
 .debug_line_str
                0x00000000       0x63 ./Core/Startup/startup_stm32f401ccux.o
