../Drivers/CMSIS/Include/core_cm4.h:1653:22:__NVIC_SetPriorityGrouping	1
../Drivers/CMSIS/Include/core_cm4.h:1672:26:__NVIC_GetPriorityGrouping	1
../Drivers/CMSIS/Include/core_cm4.h:1684:22:__NVIC_EnableIRQ	2
../Drivers/CMSIS/Include/core_cm4.h:1814:22:__NVIC_SetPriority	2
../Drivers/CMSIS/Include/core_cm4.h:1861:26:NVIC_EncodePriority	2
../Drivers/STM32F4xx_HAL_Driver/Inc/stm32f4xx_ll_rcc.h:2988:22:LL_RCC_HSI_Enable	1
../Drivers/STM32F4xx_HAL_Driver/Inc/stm32f4xx_ll_rcc.h:3008:26:LL_RCC_HSI_IsReady	1
../Drivers/STM32F4xx_HAL_Driver/Inc/stm32f4xx_ll_rcc.h:3034:22:LL_RCC_HSI_SetCalibTrimming	1
../Drivers/STM32F4xx_HAL_Driver/Inc/stm32f4xx_ll_rcc.h:3189:22:LL_RCC_SetSysClkSource	1
../Drivers/STM32F4xx_HAL_Driver/Inc/stm32f4xx_ll_rcc.h:3205:26:LL_RCC_GetSysClkSource	1
../Drivers/STM32F4xx_HAL_Driver/Inc/stm32f4xx_ll_rcc.h:3225:22:LL_RCC_SetAHBPrescaler	1
../Drivers/STM32F4xx_HAL_Driver/Inc/stm32f4xx_ll_rcc.h:3241:22:LL_RCC_SetAPB1Prescaler	1
../Drivers/STM32F4xx_HAL_Driver/Inc/stm32f4xx_ll_rcc.h:3257:22:LL_RCC_SetAPB2Prescaler	1
../Drivers/STM32F4xx_HAL_Driver/Inc/stm32f4xx_ll_rcc.h:4154:22:LL_RCC_SetTIMPrescaler	1
../Drivers/STM32F4xx_HAL_Driver/Inc/stm32f4xx_ll_bus.h:409:22:LL_AHB1_GRP1_EnableClock	1
../Drivers/STM32F4xx_HAL_Driver/Inc/stm32f4xx_ll_bus.h:1185:22:LL_APB1_GRP1_EnableClock	1
../Drivers/STM32F4xx_HAL_Driver/Inc/stm32f4xx_ll_bus.h:1704:22:LL_APB2_GRP1_EnableClock	1
../Drivers/STM32F4xx_HAL_Driver/Inc/stm32f4xx_ll_system.h:671:22:LL_SYSCFG_SetEXTISource	2
../Drivers/STM32F4xx_HAL_Driver/Inc/stm32f4xx_ll_system.h:1543:22:LL_FLASH_SetLatency	1
../Drivers/STM32F4xx_HAL_Driver/Inc/stm32f4xx_ll_system.h:1569:26:LL_FLASH_GetLatency	1
../Drivers/STM32F4xx_HAL_Driver/Inc/stm32f4xx_ll_pwr.h:505:22:LL_PWR_SetRegulVoltageScaling	1
../Drivers/STM32F4xx_HAL_Driver/Inc/stm32f4xx_ll_spi.h:297:22:LL_SPI_Enable	1
../Drivers/STM32F4xx_HAL_Driver/Inc/stm32f4xx_ll_spi.h:365:22:LL_SPI_SetStandard	1
../Drivers/STM32F4xx_HAL_Driver/Inc/stm32f4xx_ll_spi.h:731:26:LL_SPI_IsActiveFlag_RXNE	2
../Drivers/STM32F4xx_HAL_Driver/Inc/stm32f4xx_ll_spi.h:742:26:LL_SPI_IsActiveFlag_TXE	2
../Drivers/STM32F4xx_HAL_Driver/Inc/stm32f4xx_ll_spi.h:844:22:LL_SPI_ClearFlag_OVR	1
../Drivers/STM32F4xx_HAL_Driver/Inc/stm32f4xx_ll_spi.h:927:22:LL_SPI_DisableIT_RXNE	1
../Drivers/STM32F4xx_HAL_Driver/Inc/stm32f4xx_ll_spi.h:1075:25:LL_SPI_ReceiveData8	1
../Drivers/STM32F4xx_HAL_Driver/Inc/stm32f4xx_ll_spi.h:1098:22:LL_SPI_TransmitData8	1
../Drivers/STM32F4xx_HAL_Driver/Inc/stm32f4xx_ll_usart.h:410:22:LL_USART_Enable	1
../Drivers/STM32F4xx_HAL_Driver/Inc/stm32f4xx_ll_usart.h:1479:22:LL_USART_ConfigAsyncMode	1
../Drivers/STM32F4xx_HAL_Driver/Inc/stm32f4xx_ll_usart.h:1803:26:LL_USART_IsActiveFlag_TC	1
../Drivers/STM32F4xx_HAL_Driver/Inc/stm32f4xx_ll_usart.h:1814:26:LL_USART_IsActiveFlag_TXE	1
../Drivers/STM32F4xx_HAL_Driver/Inc/stm32f4xx_ll_usart.h:2426:22:LL_USART_TransmitData8	1
../Drivers/STM32F4xx_HAL_Driver/Inc/stm32f4xx_ll_gpio.h:273:22:LL_GPIO_SetPinMode	3
../Drivers/STM32F4xx_HAL_Driver/Inc/stm32f4xx_ll_gpio.h:484:22:LL_GPIO_SetPinPull	3
../Drivers/STM32F4xx_HAL_Driver/Inc/stm32f4xx_ll_gpio.h:910:22:LL_GPIO_ResetOutputPin	1
../Drivers/STM32F4xx_HAL_Driver/Inc/stm32f4xx_ll_gpio.h:939:22:LL_GPIO_TogglePin	1
../Core/Src/main.c:87:5:main	1
../Core/Src/main.c:153:6:SystemClock_Config	4
../Core/Src/main.c:186:13:MX_SPI1_Init	1
../Core/Src/main.c:244:13:MX_USART1_UART_Init	1
../Core/Src/main.c:294:13:MX_GPIO_Init	1
../Core/Src/main.c:410:6:uart_print	4
../Core/Src/main.c:423:6:uart_printf	1
../Core/Src/main.c:433:6:spi_receive_it	3
../Core/Src/main.c:459:6:process_irq_spi1	4
../Core/Src/main.c:486:6:slave_choice	1
../Core/Src/main.c:497:6:Error_Handler	1
